04-07 12:58:22.543   724   886 D InetDiagMessage: Destroyed live tcp sockets for uids={10229} in 2ms
04-07 12:58:22.539   724  1729 W ActivityTaskManager: Force removing ActivityRecord{46321873 u0 com.example.gamevault/.MainActivity t142 f}}: app died, no saved state
04-07 12:58:22.543   724   886 D InetDiagMessage: Destroyed 0 sockets, proto=IPPROTO_TCP, family=AF_INET, states=14
04-07 12:58:22.542   986  1058 V WindowManagerShell: Transition requested (#195): android.os.BinderProxy@2b3e4ab TransitionRequestInfo { type = CLOSE, triggerTask = TaskInfo{userId=0 taskId=142 effectiveUid=10229 displayId=0 isRunning=false baseIntent=Intent { act=android.intent.action.MAIN cat=[android.intent.category.LAUNCHER] flg=0x10000000 cmp=com.example.gamevault/.LoginActivity } baseActivity=null topActivity=null origActivity=null realActivity=ComponentInfo{com.example.gamevault/com.example.gamevault.LoginActivity} numActivities=0 lastActiveTime=65541810 supportsMultiWindow=true resizeMode=1 isResizeable=true minWidth=-1 minHeight=-1 defaultMinSize=220 token=WCT{android.window.IWindowContainerToken$Stub$Proxy@d86a708} topActivityType=1 pictureInPictureParams=null shouldDockBigOverlays=false launchIntoPipHostTaskId=-1 lastParentTaskIdBeforePip=-1 displayCutoutSafeInsets=Rect(0, 0 - 0, 0) topActivityInfo=null launchCookies=[] positionInParent=Point(0, 0) parentTaskId=-1 isFocused=true isVisible=true isVisibleRequested=true isTopActivityNoDisplay=false isSleeping=false locusId=null displayAreaFeatureId=1 isTopActivityTransparent=false isActivityStackTransparent=true lastNonFullscreenBounds=Rect(284, 660 - 796, 1740) capturedLink=null capturedLinkTimestamp=0 requestedVisibleTypes=-9 topActivityRequestOpenInBrowserEducationTimestamp=0 appCompatTaskInfo=AppCompatTaskInfo { topActivityInSizeCompat=false eligibleForLetterboxEducation= false isLetterboxEducationEnabled= false isLetterboxDoubleTapEnabled= false eligibleForUserAspectRatioButton= false topActivityBoundsLetterboxed= false isFromLetterboxDoubleTap= false topActivityLetterboxVerticalPosition= -1 topActivityLetterboxHorizontalPosition= -1 topActivityLetterboxWidth=-1 topActivityLetterboxHeight=-1 topActivityAppBounds=Rect(0, 0 - 0, 0) isUserFullscreenOverrideEnabled=false isSystemFullscreenOverrideEnabled=false hasMinAspectRatioOverride=false topActivityLetterboxBounds=null cameraCompatTaskInfo=CameraCompatTaskInfo { freeformCameraCompatMode=undefined}} topActivityMainWindowFrame=null}, pipChange = null, remoteTransition = null, displayChange = null, flags = 0, debugId = 195 }
04-07 12:58:22.545   724   886 D InetDiagMessage: Destroyed 0 sockets, proto=IPPROTO_TCP, family=AF_INET6, states=14
04-07 12:58:22.545   724   886 D InetDiagMessage: Destroyed live tcp sockets for uids={20229} in 2ms
04-07 12:58:22.548   724   939 D BackgroundInstallControlService: Package event received: 0
04-07 12:58:22.549   724  1729 W IPCThreadState: Sending oneway calls to frozen process.
04-07 12:58:22.549   724   939 D BackgroundInstallControlService: Package event received: 0
04-07 12:58:22.549   724   939 D BackgroundInstallControlService: Package event received: 0
04-07 12:58:22.549   724  1729 W IPCThreadState: Sending oneway calls to frozen process.
04-07 12:58:22.549   724  1729 W IPCThreadState: Sending oneway calls to frozen process.
04-07 12:58:22.549   724  1729 W IPCThreadState: Sending oneway calls to frozen process.
04-07 12:58:22.549   724  1729 W IPCThreadState: Sending oneway calls to frozen process.
04-07 12:58:22.549   724  1729 W IPCThreadState: Sending oneway calls to frozen process.
04-07 12:58:22.549   724  1729 W IPCThreadState: Sending oneway calls to frozen process.
04-07 12:58:22.549   724  1729 W IPCThreadState: Sending oneway calls to frozen process.
04-07 12:58:22.549   724  1729 W IPCThreadState: Sending oneway calls to frozen process.
04-07 12:58:22.550   566   583 I BpBinder: onLastStrongRef automatically unlinking death recipients: 
04-07 12:58:22.550   724  1729 W IPCThreadState: Sending oneway calls to frozen process.
04-07 12:58:22.550   724  1729 W IPCThreadState: Sending oneway calls to frozen process.
04-07 12:58:22.550   724  1729 W IPCThreadState: Sending oneway calls to frozen process.
04-07 12:58:22.548  1140  1140 D ViewRootImpl: Skipping stats log for color mode
04-07 12:58:22.550   724  1729 W IPCThreadState: Sending oneway calls to frozen process.
04-07 12:58:22.551   724  1729 I AppsFilter: interaction: PackageSetting{8c4c875 com.example.ejemplogridview/10217} -> PackageSetting{c574b56 com.example.gamevault/10229} BLOCKED
04-07 12:58:22.551   724  1729 I AppsFilter: interaction: PackageSetting{132b07b com.android.microdroid.empty_payload/10200} -> PackageSetting{c574b56 com.example.gamevault/10229} BLOCKED
04-07 12:58:22.551   724  1729 I AppsFilter: interaction: PackageSetting{e7cce98 com.example.ejsaludointeractivo/10225} -> PackageSetting{c574b56 com.example.gamevault/10229} BLOCKED
04-07 12:58:22.551   724  1729 I AppsFilter: interaction: PackageSetting{3a676f1 com.example.ejemplonavigationdrawer/10221} -> PackageSetting{c574b56 com.example.gamevault/10229} BLOCKED
04-07 12:58:22.551   724  1729 I AppsFilter: interaction: PackageSetting{11a912d com.example.composefiestacumple/10228} -> PackageSetting{c574b56 com.example.gamevault/10229} BLOCKED
04-07 12:58:22.551   724  1729 I AppsFilter: interaction: PackageSetting{659b662 com.example.examen/10224} -> PackageSetting{c574b56 com.example.gamevault/10229} BLOCKED
04-07 12:58:22.551   724  1729 I AppsFilter: interaction: PackageSetting{b90b3f3 com.example.ejemplomenuopciones/10220} -> PackageSetting{c574b56 com.example.gamevault/10229} BLOCKED
04-07 12:58:22.551   724  1729 I AppsFilter: interaction: PackageSetting{462d8b0 com.example.seleccionasignatura/10226} -> PackageSetting{c574b56 com.example.gamevault/10229} BLOCKED
04-07 12:58:22.552   724  1729 I AppsFilter: interaction: PackageSetting{43c1329 com.example.repasonavdrawer/10223} -> PackageSetting{c574b56 com.example.gamevault/10229} BLOCKED
04-07 12:58:22.552   724  1729 I AppsFilter: interaction: PackageSetting{620d6ae com.example.practicajetpack/10227} -> PackageSetting{c574b56 com.example.gamevault/10229} BLOCKED
04-07 12:58:22.552   724  1729 I AppsFilter: interaction: PackageSetting{5f89c4f com.example.ejemplobottomnavigation/10222} -> PackageSetting{c574b56 com.example.gamevault/10229} BLOCKED
04-07 12:58:22.552   724  1729 I AppsFilter: interaction: PackageSetting{e94cfdc com.example.ejemplolistview/10218} -> PackageSetting{c574b56 com.example.gamevault/10229} BLOCKED
04-07 12:58:22.552   724  1729 I AppsFilter: interaction: PackageSetting{cd9b8e5 com.example.ejemplonavigationcomponent/10219} -> PackageSetting{c574b56 com.example.gamevault/10229} BLOCKED
04-07 12:58:22.550  1140  1140 D StatsLog: LAUNCHER_ONRESUME
04-07 12:58:22.550   986  1058 D WindowManagerShell: setLauncherKeepClearAreaHeight: visible=true, height=527
04-07 12:58:22.555  1111  1111 D CarrierSvcBindHelper: onHandleForceStop: [com.example.gamevault]
04-07 12:58:22.553   724  1854 I WindowManager: WIN DEATH: Window{21f69e6 u0 com.example.gamevault/com.example.gamevault.MainActivity}
04-07 12:58:22.555   573   573 I adbd    : Remote process closed the socket (on MSG_PEEK)
04-07 12:58:22.558   566   566 I BpBinder: onLastStrongRef automatically unlinking death recipients: 
04-07 12:58:22.559  1140  1140 D NexusLauncherModelDelegate: notifySmartspaceEvent: SmartspaceTargetEvent{mSmartspaceTarget=null, mSmartspaceActionId='null', mEventType=6}
04-07 12:58:22.561  1111  1111 D CarrierSvcBindHelper: No carrier app for: 0
04-07 12:58:22.561   492   492 I Zygote  : Process 20578 exited due to signal 9 (Killed)
04-07 12:58:22.564   724   754 W ActivityManager: setHasOverlayUi called on unknown pid: 20578
04-07 12:58:22.562   724   954 V ActivityManager: Got obituary of 20578:com.example.gamevault
04-07 12:58:22.564   724   823 W JobScheduler.JobStatus: Exempted app com.android.vending considered buggy
04-07 12:58:22.564   724   823 W JobScheduler.JobStatus: Exempted app com.android.vending considered buggy
04-07 12:58:22.564   724   823 W JobScheduler.JobStatus: Exempted app com.android.vending considered buggy
04-07 12:58:22.564   724   823 W JobScheduler.JobStatus: Exempted app com.android.vending considered buggy
04-07 12:58:22.564   724   823 W JobScheduler.JobStatus: Exempted app com.android.vending considered buggy
04-07 12:58:22.564   724   823 W JobScheduler.JobStatus: Exempted app com.android.vending considered buggy
04-07 12:58:22.564   724   823 W JobScheduler.JobStatus: Exempted app com.android.vending considered buggy
04-07 12:58:22.564   724   823 W JobScheduler.JobStatus: Exempted app com.android.vending considered buggy
04-07 12:58:22.564   724   823 W JobScheduler.JobStatus: Exempted app com.android.vending considered buggy
04-07 12:58:22.564   724   823 W JobScheduler.JobStatus: Exempted app com.android.vending considered buggy
04-07 12:58:22.564   724   823 W JobScheduler.JobStatus: Exempted app com.android.vending considered buggy
04-07 12:58:22.564   724   823 W JobScheduler.JobStatus: Exempted app com.android.vending considered buggy
04-07 12:58:22.564   724   823 W JobScheduler.JobStatus: Exempted app com.android.vending considered buggy
04-07 12:58:22.564   724   823 W JobScheduler.JobStatus: Exempted app com.android.vending considered buggy
04-07 12:58:22.564   724   823 W JobScheduler.JobStatus: Exempted app com.android.vending considered buggy
04-07 12:58:22.564   724   823 W JobScheduler.JobStatus: Exempted app com.android.vending considered buggy
04-07 12:58:22.564   724   823 W JobScheduler.JobStatus: Exempted app com.android.vending considered buggy
04-07 12:58:22.564   724   823 W JobScheduler.JobStatus: Exempted app com.android.vending considered buggy
04-07 12:58:22.564   724   823 W JobScheduler.JobStatus: Exempted app com.android.vending considered buggy
04-07 12:58:22.564   724   823 W JobScheduler.JobStatus: Exempted app com.android.vending considered buggy
04-07 12:58:22.564   724   823 W JobScheduler.JobStatus: Exempted app com.android.vending considered buggy
04-07 12:58:22.564   724   823 W JobScheduler.JobStatus: Exempted app com.android.vending considered buggy
04-07 12:58:22.564   724   823 W JobScheduler.JobStatus: Exempted app com.android.vending considered buggy
04-07 12:58:22.564   724   823 W JobScheduler.JobStatus: Exempted app com.android.vending considered buggy
04-07 12:58:22.564   724   823 W JobScheduler.JobStatus: Exempted app com.android.vending considered buggy
04-07 12:58:22.564   724   823 W JobScheduler.JobStatus: Exempted app com.android.vending considered buggy
04-07 12:58:22.564   724   823 W JobScheduler.JobStatus: Exempted app com.android.vending considered buggy
04-07 12:58:22.564   724   823 W JobScheduler.JobStatus: Exempted app com.android.vending considered buggy
04-07 12:58:22.564   724   823 W JobScheduler.JobStatus: Exempted app com.android.vending considered buggy
04-07 12:58:22.564   724   823 W JobScheduler.JobStatus: Exempted app com.android.vending considered buggy
04-07 12:58:22.564   724   823 W JobScheduler.JobStatus: Exempted app com.android.vending considered buggy
04-07 12:58:22.565  1140  1198 D QuickstepModelDelegate: notifyAppTargetEvent action=1 launchLocation=workspace/0/[-1,-1]/[1,1]
04-07 12:58:22.567  1140  1140 D BaseDepthController: setSurface:
04-07 12:58:22.567  1140  1140 D BaseDepthController: 	mWaitingOnSurfaceValidity: false
04-07 12:58:22.567  1140  1140 D BaseDepthController: 	mBaseSurface: Surface(name=com.google.android.apps.nexuslauncher/com.google.android.apps.nexuslauncher.NexusLauncherActivity)/@0xf25642
04-07 12:58:22.568  1491  1726 I AiAiEcho: Predicting[0]:  [CONTEXT sampling_count=5 ]
04-07 12:58:22.569  1491  1726 I AiAiEcho: EchoTargets: 
04-07 12:58:22.569  1491  1726 I AiAiEcho: Filtered by AiAi flag check: 
04-07 12:58:22.569  1491  1726 I AiAiEcho: [CONTEXT ratelimit_period="10 SECONDS" ]
04-07 12:58:22.570  1491  1726 I AiAiEcho: #remoteViewsTwiddler: feature disabled.
04-07 12:58:22.575  1491  1726 I AiAiEcho: #postPredictionTargets: Sending updates to UISurface home with targets# 0 (types=[])
04-07 12:58:22.571   724   762 I libprocessgroup: Removed cgroup /sys/fs/cgroup/apps/uid_10229/pid_20578
04-07 12:58:22.595  1140  1140 D SsBaseTemplateCard: No text view can be set up
04-07 12:58:22.596  1140  1140 D SsBaseTemplateCard: Passed-in item info is null
04-07 12:58:22.596  1140  1140 D SsBaseTemplateCard: Passed-in item info is null
04-07 12:58:22.596  1140  1140 D SsBaseTemplateCard: Passed-in item info is null
04-07 12:58:22.596  1140  1140 I SsBaseTemplateCard: Secondary card pane is null
04-07 12:58:22.598   724   751 V WindowManager: Sent Transition (#195) createdAt=04-07 12:58:22.539 via request=TransitionRequestInfo { type = CLOSE, triggerTask = TaskInfo{userId=0 taskId=142 effectiveUid=10229 displayId=0 isRunning=false baseIntent=Intent { act=android.intent.action.MAIN cat=[android.intent.category.LAUNCHER] flg=0x10000000 cmp=com.example.gamevault/.LoginActivity } baseActivity=null topActivity=null origActivity=null realActivity=ComponentInfo{com.example.gamevault/com.example.gamevault.LoginActivity} numActivities=0 lastActiveTime=65541810 supportsMultiWindow=true resizeMode=1 isResizeable=true minWidth=-1 minHeight=-1 defaultMinSize=220 token=WCT{RemoteToken{c597e5 Task{13e1a80 #142 type=standard A=10229:com.example.gamevault}}} topActivityType=1 pictureInPictureParams=null shouldDockBigOverlays=false launchIntoPipHostTaskId=-1 lastParentTaskIdBeforePip=-1 displayCutoutSafeInsets=Rect(0, 0 - 0, 0) topActivityInfo=null launchCookies=[] positionInParent=Point(0, 0) parentTaskId=-1 isFocused=true isVisible=true isVisibleRequested=true isTopActivityNoDisplay=false isSleeping=false locusId=null displayAreaFeatureId=1 isTopActivityTransparent=false isActivityStackTransparent=true lastNonFullscreenBounds=Rect(284, 660 - 796, 1740) capturedLink=null capturedLinkTimestamp=0 requestedVisibleTypes=-9 topActivityRequestOpenInBrowserEducationTimestamp=0 appCompatTaskInfo=AppCompatTaskInfo { topActivityInSizeCompat=false eligibleForLetterboxEducation= false isLetterboxEducationEnabled= false isLetterboxDoubleTapEnabled= false eligibleForUserAspectRatioButton= false topActivityBoundsLetterboxed= false isFromLetterboxDoubleTap= false topActivityLetterboxVerticalPosition= -1 topActivityLetterboxHorizontalPosition= -1 topActivityLetterboxWidth=-1 topActivityLetterboxHeight=-1 topActivityAppBounds=Rect(0, 0 - 0, 0) isUserFullscreenOverrideEnabled=false isSystemFullscreenOverrideEnabled=false hasMinAspectRatioOverride=false topActivityLetterboxBounds=null cameraCompatTaskInfo=CameraCompatTaskInfo { freeformCameraCompatMode=undefined}} topActivityMainWindowFrame=null}, pipChange = null, remoteTransition = null, displayChange = null, flags = 0, debugId = 195 }
04-07 12:58:22.598   724   751 V WindowManager:     startWCT=WindowContainerTransaction { changes= {} hops= [] errorCallbackToken=null taskFragmentOrganizer=null }
04-07 12:58:22.598   724   751 V WindowManager:     info={id=195 t=CLOSE f=0x0 trk=0 r=[0@Point(0, 0)] c=[
04-07 12:58:22.598   724   751 V WindowManager:         {WCT{RemoteToken{af85cf1 Task{ecd330d #1 type=home}}} m=TO_FRONT f=SHOW_WALLPAPER|MOVE_TO_TOP leash=Surface(name=Task=1)/@0xc9599e4 sb=Rect(0, 0 - 1080, 2400) eb=Rect(0, 0 - 1080, 2400) epz=Point(1080, 2400) d=0 taskParent=-1},
04-07 12:58:22.598   724   751 V WindowManager:         {WCT{RemoteToken{c597e5 Task{13e1a80 #142 type=standard A=10229:com.example.gamevault}}} m=CLOSE f=NONE leash=Surface(name=Task=142)/@0x5b3a34f sb=Rect(0, 0 - 1080, 2400) eb=Rect(0, 0 - 1080, 2400) epz=Point(1080, 2400) d=0 taskParent=-1},
04-07 12:58:22.598   724   751 V WindowManager:         {m=TO_FRONT f=IS_WALLPAPER leash=Surface(name=WallpaperWindowToken{8381f77 showWhenLocked=false})/@0x585a977 sb=Rect(0, 0 - 1080, 2400) eb=Rect(0, 0 - 1080, 2400) epz=Point(1080, 2400) d=0}
04-07 12:58:22.598   724   751 V WindowManager:     ]}
04-07 12:58:22.595   986  4838 V WindowManagerShell: onTransitionReady(transaction=3109556327621)
04-07 12:58:22.598   986  1058 V WindowManagerShell: onTransitionReady (#195) android.os.BinderProxy@2b3e4ab: {id=195 t=CLOSE f=0x0 trk=0 r=[0@Point(0, 0)] c=[
04-07 12:58:22.598   986  1058 V WindowManagerShell:         {m=TO_FRONT f=SHOW_WALLPAPER|MOVE_TO_TOP leash=Surface(name=Task=1)/@0x3a168c6 sb=Rect(0, 0 - 1080, 2400) eb=Rect(0, 0 - 1080, 2400) epz=Point(1080, 2400) d=0 taskParent=-1},
04-07 12:58:22.598   986  1058 V WindowManagerShell:         {m=CLOSE f=NONE leash=Surface(name=Task=142)/@0x8ca2087 sb=Rect(0, 0 - 1080, 2400) eb=Rect(0, 0 - 1080, 2400) epz=Point(1080, 2400) d=0 taskParent=-1},
04-07 12:58:22.598   986  1058 V WindowManagerShell:         {m=TO_FRONT f=IS_WALLPAPER leash=Surface(name=WallpaperWindowToken{8381f77 showWhenLocked=false})/@0x3632bb4 sb=Rect(0, 0 - 1080, 2400) eb=Rect(0, 0 - 1080, 2400) epz=Point(1080, 2400) d=0}
04-07 12:58:22.598   986  1058 V WindowManagerShell:     ]}
04-07 12:58:22.598   986  1058 V WindowManagerShell: Playing animation for (#195) android.os.BinderProxy@2b3e4ab@0
04-07 12:58:22.598   986  1058 V ShellRecents: RecentsTransitionHandler.startAnimation: no controller found
04-07 12:58:22.598   986  1058 V WindowManagerShell: Transition doesn't have explicit remote, search filters for match for {id=195 t=CLOSE f=0x0 trk=0 r=[0@Point(0, 0)] c=[{m=TO_FRONT f=SHOW_WALLPAPER|MOVE_TO_TOP leash=Surface(name=Task=1)/@0x3a168c6 sb=Rect(0, 0 - 1080, 2400) eb=Rect(0, 0 - 1080, 2400) epz=Point(1080, 2400) d=0 taskParent=-1},{m=CLOSE f=NONE leash=Surface(name=Task=142)/@0x8ca2087 sb=Rect(0, 0 - 1080, 2400) eb=Rect(0, 0 - 1080, 2400) epz=Point(1080, 2400) d=0 taskParent=-1},{m=TO_FRONT f=IS_WALLPAPER leash=Surface(name=WallpaperWindowToken{8381f77 showWhenLocked=false})/@0x3632bb4 sb=Rect(0, 0 - 1080, 2400) eb=Rect(0, 0 - 1080, 2400) epz=Point(1080, 2400) d=0}]}
04-07 12:58:22.598   986  1058 V WindowManagerShell:  Checking filter Pair{{types=[] flags=0x0] notFlags=0x0 checks=[{atype=undefined independent=true modes=[CLOSE,TO_BACK] flags=IN_TASK_WITH_EMBEDDED_ACTIVITY mustBeTask=false order=ANY topActivity=null launchCookie=null taskFragmentToken=android.os.BinderProxy@a408007 windowingMode=undefined}]} RemoteTransition { remoteTransition = android.window.IRemoteTransition$Stub$Proxy@e2d534, appThread = android.app.IApplicationThread$Stub$Proxy@7c2cf5d, debugName = overlayBackTransition }}
04-07 12:58:22.599   986  1058 V WindowManagerShell:  Checking filter Pair{{types=[] flags=0x0] notFlags=0x0 checks=[{atype=dream independent=true modes=[OPEN,TO_FRONT] flags=NONE mustBeTask=false order=ANY topActivity=null launchCookie=null windowingMode=undefined},{atype=home independent=true modes=[CLOSE,TO_BACK] flags=NONE mustBeTask=false order=ANY topActivity=null launchCookie=null windowingMode=undefined}]} RemoteTransition { remoteTransition = android.window.IRemoteTransition$Stub$Proxy@80ed0d2, appThread = android.app.IApplicationThread$Stub$Proxy@65b15a3, debugName = LauncherToDream }}
04-07 12:58:22.599   986  1058 V WindowManagerShell:  Checking filter Pair{{types=[] flags=0x0] notFlags=0x100 checks=[{atype=home independent=true modes=[OPEN,TO_FRONT] flags=NONE mustBeTask=false order=TOP topActivity=ComponentInfo{com.google.android.apps.nexuslauncher/com.google.android.apps.nexuslauncher.NexusLauncherActivity} launchCookie=null windowingMode=undefined},{atype=standard independent=true modes=[CLOSE,TO_BACK] flags=NONE mustBeTask=false order=ANY topActivity=null launchCookie=null windowingMode=undefined},{NOT atype=undefined independent=true modes=[] flags=NONE mustBeTask=true order=ANY topActivity=null launchCookie=null customAnim=true windowingMode=undefined}]} RemoteTransition { remoteTransition = android.window.IRemoteTransition$Stub$Proxy@47210a0, appThread = android.app.IApplicationThread$Stub$Proxy@1620459, debugName = QuickstepLaunchHome }}
04-07 12:58:22.599   986  1058 D RemoteTransitionHandler: Found filterPair{{types=[] flags=0x0] notFlags=0x100 checks=[{atype=home independent=true modes=[OPEN,TO_FRONT] flags=NONE mustBeTask=false order=TOP topActivity=ComponentInfo{com.google.android.apps.nexuslauncher/com.google.android.apps.nexuslauncher.NexusLauncherActivity} launchCookie=null windowingMode=undefined},{atype=standard independent=true modes=[CLOSE,TO_BACK] flags=NONE mustBeTask=false order=ANY topActivity=null launchCookie=null windowingMode=undefined},{NOT atype=undefined independent=true modes=[] flags=NONE mustBeTask=true order=ANY topActivity=null launchCookie=null customAnim=true windowingMode=undefined}]} RemoteTransition { remoteTransition = android.window.IRemoteTransition$Stub$Proxy@47210a0, appThread = android.app.IApplicationThread$Stub$Proxy@1620459, debugName = QuickstepLaunchHome }}
04-07 12:58:22.599   986  1058 V WindowManagerShell:  Delegate animation for (#195) to RemoteTransition { remoteTransition = android.window.IRemoteTransition$Stub$Proxy@47210a0, appThread = android.app.IApplicationThread$Stub$Proxy@1620459, debugName = QuickstepLaunchHome }
04-07 12:58:22.599   986  1058 V WindowManagerShell:  animated by com.android.wm.shell.transition.RemoteTransitionHandler@7c9dc
04-07 12:58:22.605  1140  1140 D StateManager: createAtomicAnimation - fromState: Background, toState: Normal, partial trace:
04-07 12:58:22.605  1140  1140 D StateManager: 	at com.android.quickstep.util.WorkspaceRevealAnim.prepareToAnimate(go/retraceme 72a59688580715d19f0e415c69e80376c2f062d1648c80db6730905005a27c20:22)
04-07 12:58:22.605  1140  1140 D StateManager: 	at com.android.quickstep.util.WorkspaceRevealAnim.<init>(go/retraceme 72a59688580715d19f0e415c69e80376c2f062d1648c80db6730905005a27c20:11)
04-07 12:58:22.605  1140  1140 D StateManager: 	at com.android.launcher3.QuickstepTransitionManager.createWallpaperOpenAnimations(go/retraceme 72a59688580715d19f0e415c69e80376c2f062d1648c80db6730905005a27c20:339)
04-07 12:58:22.606  1140  1140 D b/311077782: LauncherAnimationRunner.setAnimation
04-07 12:58:22.620   724   851 I ImeTracker: com.google.android.apps.nexuslauncher:dced4c42: onRequestHide at ORIGIN_SERVER reason HIDE_SAME_WINDOW_FOCUSED_WITHOUT_EDITOR fromUser false
04-07 12:58:22.623  1381  1381 I GoogleInputMethodService: GoogleInputMethodService.onFinishInput():2114 
04-07 12:58:22.622  1140  1140 D InsetsController: hide(ime(), fromIme=false)
04-07 12:58:22.622  1140  1140 I ImeTracker: com.google.android.apps.nexuslauncher:dced4c42: onCancelled at PHASE_CLIENT_ALREADY_HIDDEN
04-07 12:58:22.624  1381  1381 I Module  : DeviceLockedStatusModuleProvider$Module.updateDeviceLockedStatus():103 repeatCheckTimes = 0, locked = false
04-07 12:58:22.625  1381  1381 I GoogleInputMethodService: GoogleInputMethodService.onStartInput():1385 onStartInput(EditorInfo{EditorInfo{packageName=com.google.android.apps.nexuslauncher, inputType=0, inputTypeString=NULL, enableLearning=false, autoCorrection=false, autoComplete=false, imeOptions=0, privateImeOptions=null, actionName=UNSPECIFIED, actionLabel=null, initialSelStart=-1, initialSelEnd=-1, initialCapsMode=0, label=null, fieldId=0, fieldName=null, extras=null, hintText=null, hintLocales=[]}}, false)
04-07 12:58:22.625  1381  1381 I AndroidIME: LatinIMEBase.updateInputViewCoverNavigation():314 Update input view padding, extendsTouchBelowSpace=true, bottom inset=63
04-07 12:58:22.627  1381  1381 I Module  : DeviceLockedStatusModuleProvider$Module.updateDeviceLockedStatus():103 repeatCheckTimes = 1, locked = false
04-07 12:58:22.632   724  1759 W PackageConfigPersister: App-specific configuration not found for packageName: com.google.android.apps.nexuslauncher and userId: 0
04-07 12:58:22.940  1140  1140 D WorkspaceRevealAnim: onAnimationEnd: workspace alpha = 1.0
04-07 12:58:22.945   986  1058 V WindowManagerShell: Transition animation finished (aborted=false), notifying core (#195) android.os.BinderProxy@2b3e4ab@0
04-07 12:58:22.947   724   751 V WindowManager: Finish Transition (#195): created at 04-07 12:58:22.539 collect-started=0.084ms request-sent=0.155ms started=8.063ms ready=10.076ms sent=56.898ms commit=18.261ms finished=407.797ms
04-07 12:58:22.947   986  1058 V WindowManagerShell: Track 0 became idle
04-07 12:58:22.947   986  1058 V WindowManagerShell: All active transition animations finished
04-07 12:58:22.958  1140  1140 D RecentsView: onTaskRemoved: 142, not handling task stack changes
04-07 12:58:22.958  1140  1140 D RecentsView: onTaskRemoved: 142, not handling task stack changes
04-07 12:58:22.960   566   566 E BpTransactionCompletedListener: Failed to transact (-32)
04-07 12:58:23.257   724   832 D ActivityManager: freezing 17039 com.google.android.cellbroadcastreceiver
04-07 12:58:23.258   724   886 D InetDiagMessage: Destroyed 0 sockets, proto=IPPROTO_TCP, family=AF_INET, states=14
04-07 12:58:23.259   724   886 D InetDiagMessage: Destroyed 0 sockets, proto=IPPROTO_TCP, family=AF_INET6, states=14
04-07 12:58:23.259   724   886 D InetDiagMessage: Destroyed live tcp sockets for uids={10194} in 0ms
04-07 12:58:25.024   724   886 D InetDiagMessage: Destroyed 0 sockets, proto=IPPROTO_TCP, family=AF_INET, states=14
04-07 12:58:25.025   724   886 D InetDiagMessage: Destroyed 0 sockets, proto=IPPROTO_TCP, family=AF_INET6, states=14
04-07 12:58:25.025   724   886 D InetDiagMessage: Destroyed live tcp sockets for uids={10192} in 1ms
04-07 12:58:25.025   724   886 D InetDiagMessage: Destroyed 0 sockets, proto=IPPROTO_TCP, family=AF_INET, states=14
04-07 12:58:25.026   724   886 D InetDiagMessage: Destroyed 0 sockets, proto=IPPROTO_TCP, family=AF_INET6, states=14
04-07 12:58:25.026   724   886 D InetDiagMessage: Destroyed live tcp sockets for uids={20192} in 0ms
04-07 12:58:25.976   724  1625 E TaskPersister: File error accessing recents directory (directory doesn't exist?).
04-07 12:58:27.924 20296 20296 D BoundBrokerSvc: onUnbind: Intent { act=com.google.android.gms.clearcut.bootcount.service.START dat=chimera-action:/... xflg=0x4 cmp=com.google.android.gms/.chimera.PersistentBoundBrokerService }
04-07 12:58:28.894 20296 20296 D BoundBrokerSvc: onUnbind: Intent { act=com.google.android.gms.libs.gmscorelogger.service.START dat=chimera-action:/... xflg=0x4 cmp=com.google.android.gms/.chimera.PersistentDirectBootAwareApiService }
04-07 12:58:29.517  1111  1292 D SatelliteController: iisInCarrierRoamingNbIotNtn: satellite is disabled
04-07 12:58:31.775   724   832 D ActivityManager: freezing 16007 com.google.android.apps.messaging
04-07 12:58:31.777   724   832 D ActivityManager: freezing 1928 android.process.acore
04-07 12:58:31.912   724   886 D InetDiagMessage: Destroyed 0 sockets, proto=IPPROTO_TCP, family=AF_INET, states=14
04-07 12:58:31.912   724   886 D InetDiagMessage: Destroyed 0 sockets, proto=IPPROTO_TCP, family=AF_INET6, states=14
04-07 12:58:31.912   724   886 D InetDiagMessage: Destroyed live tcp sockets for uids={10095} in 1ms
04-07 12:58:32.233   724   823 E JobScheduler.JobStatus: App com.google.android.inputmethod.latin became active but still in NEVER bucket
04-07 12:58:32.235   724   823 E JobScheduler.JobStatus: App com.google.android.inputmethod.latin became active but still in NEVER bucket
04-07 12:58:32.235   724   823 E JobScheduler.JobStatus: App com.google.android.inputmethod.latin became active but still in NEVER bucket
04-07 12:58:32.236   724   823 E JobScheduler.JobStatus: App com.google.android.inputmethod.latin became active but still in NEVER bucket
04-07 12:58:32.236   724   823 E JobScheduler.JobStatus: App com.google.android.inputmethod.latin became active but still in NEVER bucket
04-07 12:58:32.237   724   823 E JobScheduler.JobStatus: App com.google.android.inputmethod.latin became active but still in NEVER bucket
04-07 12:58:32.237   724   823 E JobScheduler.JobStatus: App com.google.android.inputmethod.latin became active but still in NEVER bucket
04-07 12:58:32.237   724   823 E JobScheduler.JobStatus: App com.google.android.inputmethod.latin became active but still in NEVER bucket
04-07 12:58:32.238   724   823 E JobScheduler.JobStatus: App com.google.android.inputmethod.latin became active but still in NEVER bucket
04-07 12:58:32.238   724   823 E JobScheduler.JobStatus: App com.google.android.inputmethod.latin became active but still in NEVER bucket
04-07 12:58:32.238   724   823 E JobScheduler.JobStatus: App com.google.android.inputmethod.latin became active but still in NEVER bucket
04-07 12:58:32.247   724   886 D InetDiagMessage: Destroyed 0 sockets, proto=IPPROTO_TCP, family=AF_INET, states=14
04-07 12:58:32.247   724   886 D InetDiagMessage: Destroyed 0 sockets, proto=IPPROTO_TCP, family=AF_INET6, states=14
04-07 12:58:32.247   724   886 D InetDiagMessage: Destroyed live tcp sockets for uids={10148} in 5ms
04-07 12:58:32.247   724   886 D InetDiagMessage: Destroyed 0 sockets, proto=IPPROTO_TCP, family=AF_INET, states=14
04-07 12:58:32.247   724   886 D InetDiagMessage: Destroyed 0 sockets, proto=IPPROTO_TCP, family=AF_INET6, states=14
04-07 12:58:32.247   724   886 D InetDiagMessage: Destroyed live tcp sockets for uids={20148} in 0ms
04-07 12:58:32.248   724   886 D InetDiagMessage: Destroyed 0 sockets, proto=IPPROTO_TCP, family=AF_INET, states=14
04-07 12:58:32.248   724   886 D InetDiagMessage: Destroyed 0 sockets, proto=IPPROTO_TCP, family=AF_INET6, states=14
04-07 12:58:32.248   724   886 D InetDiagMessage: Destroyed live tcp sockets for uids={10164} in 0ms
04-07 12:58:32.248   724   886 D InetDiagMessage: Destroyed 0 sockets, proto=IPPROTO_TCP, family=AF_INET, states=14
04-07 12:58:32.248   724   886 D InetDiagMessage: Destroyed 0 sockets, proto=IPPROTO_TCP, family=AF_INET6, states=14
04-07 12:58:32.248   724   886 D InetDiagMessage: Destroyed live tcp sockets for uids={20164} in 1ms
04-07 12:58:32.793   724   886 D InetDiagMessage: Destroyed 0 sockets, proto=IPPROTO_TCP, family=AF_INET, states=14
04-07 12:58:32.794   724   886 D InetDiagMessage: Destroyed 0 sockets, proto=IPPROTO_TCP, family=AF_INET6, states=14
04-07 12:58:32.794   724   886 D InetDiagMessage: Destroyed live tcp sockets for uids={10144} in 2ms
04-07 12:58:32.794   724   886 D InetDiagMessage: Destroyed 0 sockets, proto=IPPROTO_TCP, family=AF_INET, states=14
04-07 12:58:32.794   724   886 D InetDiagMessage: Destroyed 0 sockets, proto=IPPROTO_TCP, family=AF_INET6, states=14
04-07 12:58:32.795   724   886 D InetDiagMessage: Destroyed live tcp sockets for uids={20144} in 1ms
04-07 12:58:34.757   724   743 D WifiNl80211Manager: Scan result ready event
04-07 12:58:34.757   724   743 D WifiNative: Scan result ready event
04-07 12:58:34.769   724   884 D WificondScannerImpl: Filtering out 1 scan results.
04-07 12:58:34.774   724   880 I HalDevMgr: bestIfaceCreationProposal is null, requestIface=STA, existingIface=[name=wlan0 type=STA]
04-07 12:58:39.515  1111  1292 D SatelliteController: iisInCarrierRoamingNbIotNtn: satellite is disabled
04-07 12:58:39.517   724  1759 W IPCThreadState: Sending oneway calls to frozen process.
04-07 12:58:42.238   724   832 D ActivityManager: freezing 4049 com.android.settings
04-07 12:58:42.239   724   832 D ActivityManager: freezing 5728 com.android.keychain
04-07 12:58:42.239   724   832 D ActivityManager: freezing 15718 com.google.android.apps.wellbeing
04-07 12:58:42.239   724   832 D ActivityManager: freezing 12907 com.google.android.deskclock
04-07 12:58:42.268   724   886 D InetDiagMessage: Destroyed 0 sockets, proto=IPPROTO_TCP, family=AF_INET, states=14
04-07 12:58:42.268   724   886 D InetDiagMessage: Destroyed 0 sockets, proto=IPPROTO_TCP, family=AF_INET6, states=14
04-07 12:58:42.268   724   886 D InetDiagMessage: Destroyed live tcp sockets for uids={10148} in 1ms
04-07 12:58:42.314   724   886 D InetDiagMessage: Destroyed 0 sockets, proto=IPPROTO_TCP, family=AF_INET, states=14
04-07 12:58:42.315   724   886 D InetDiagMessage: Destroyed 0 sockets, proto=IPPROTO_TCP, family=AF_INET6, states=14
04-07 12:58:42.315   724   886 D InetDiagMessage: Destroyed live tcp sockets for uids={10164} in 1ms
04-07 12:58:42.321   724   832 D ActivityManager: freezing 11454 com.google.android.gms
04-07 12:58:42.322   724   832 D ActivityManager: freezing 13488 com.google.android.adservices.api
04-07 12:58:42.322   724   832 D ActivityManager: freezing 2439 com.google.android.gms.unstable
04-07 12:58:42.376   724   886 D InetDiagMessage: Destroyed 0 sockets, proto=IPPROTO_TCP, family=AF_INET, states=14
04-07 12:58:42.376   724   886 D InetDiagMessage: Destroyed 0 sockets, proto=IPPROTO_TCP, family=AF_INET6, states=14
04-07 12:58:42.376   724   886 D InetDiagMessage: Destroyed live tcp sockets for uids={10192} in 1ms
04-07 12:58:42.598   724   832 D ActivityManager: freezing 4378 com.google.android.permissioncontroller
04-07 12:58:42.613   724   886 D InetDiagMessage: Destroyed 0 sockets, proto=IPPROTO_TCP, family=AF_INET, states=14
04-07 12:58:42.613   724   886 D InetDiagMessage: Destroyed 0 sockets, proto=IPPROTO_TCP, family=AF_INET6, states=14
04-07 12:58:42.613   724   886 D InetDiagMessage: Destroyed live tcp sockets for uids={10215} in 0ms
04-07 12:58:42.738   724   832 D ActivityManager: freezing 4508 com.google.android.rkpdapp
04-07 12:58:42.753   724   886 D InetDiagMessage: Destroyed 0 sockets, proto=IPPROTO_TCP, family=AF_INET, states=14
04-07 12:58:42.753   724   886 D InetDiagMessage: Destroyed 0 sockets, proto=IPPROTO_TCP, family=AF_INET6, states=14
04-07 12:58:42.753   724   886 D InetDiagMessage: Destroyed live tcp sockets for uids={10209} in 1ms
04-07 12:58:42.785   724   832 D ActivityManager: freezing 17018 com.google.android.settings.intelligence
04-07 12:58:42.800   724   886 D InetDiagMessage: Destroyed 0 sockets, proto=IPPROTO_TCP, family=AF_INET, states=14
04-07 12:58:42.800   724   886 D InetDiagMessage: Destroyed 0 sockets, proto=IPPROTO_TCP, family=AF_INET6, states=14
04-07 12:58:42.800   724   886 D InetDiagMessage: Destroyed live tcp sockets for uids={10144} in 0ms
04-07 12:58:49.525   724   743 W IPCThreadState: Sending oneway calls to frozen process.
04-07 12:58:49.531  1111  1292 D SatelliteController: iisInCarrierRoamingNbIotNtn: satellite is disabled
04-07 12:58:59.533   724  1759 W IPCThreadState: Sending oneway calls to frozen process.
04-07 12:58:59.541  1111  1292 D SatelliteController: iisInCarrierRoamingNbIotNtn: satellite is disabled
04-07 12:59:09.544  1111  1292 D SatelliteController: iisInCarrierRoamingNbIotNtn: satellite is disabled
04-07 12:59:09.543   724  1855 W IPCThreadState: Sending oneway calls to frozen process.
04-07 12:59:12.707  1111  1292 D SatelliteController: evaluateESOSProfilesPrioritization: allSubInfos.size()=1
04-07 12:59:12.707  1111  1292 D SatelliteController: evaluateESOSProfilesPrioritization: newSubsInfoListPerPriority.size()=0
04-07 12:59:12.707  1111  1292 D SatelliteController: evaluateESOSProfilesPrioritization: no satellite subscription available
04-07 12:59:13.301  1111  1292 D SatelliteController: evaluateESOSProfilesPrioritization: allSubInfos.size()=1
04-07 12:59:13.302  1111  1292 D SatelliteController: evaluateESOSProfilesPrioritization: newSubsInfoListPerPriority.size()=0
04-07 12:59:13.302  1111  1292 D SatelliteController: evaluateESOSProfilesPrioritization: no satellite subscription available
04-07 12:59:15.731 20296 20296 I NearbyDiscovery: FastPairHandler: unregistering intent receivers [CONTEXT service_id=265 ]
04-07 12:59:15.735 20296 20296 I NearbyDiscovery: DiscoveryService destroyed [CONTEXT service_id=265 ]
04-07 12:59:15.747 20296 20382 I NearbyDiscovery: (REDACTED) PureOffloadFastPairScanner: eventType=%s, isInternalReq=%s, isScanning=%s, isScanningAllowed=%s
04-07 12:59:15.747 20296 20382 I NearbyDiscovery: PureOffloadFastPairScanner: Skipping stop, already stopped scanning [CONTEXT service_id=265 ]
04-07 12:59:15.747 20296 20382 I NearbyDiscovery: (REDACTED) ApFastPairScanner: isScreenOn=%s, isLocationEnabled=%s, disableLocationRequirement=%s, isDiscoveryScanningEnabled=%s, during24GhzWifiWarmingUpPeriod=%s
04-07 12:59:15.747 20296 20382 D BluetoothAdapter: isLeEnabled(): OFF
04-07 12:59:15.747 20296 20382 I NearbyDiscovery: (REDACTED) ApFastPairScanner: eventType=%s, intReq=%s, scanning=%s, scanAllowed=%s, bleEnabled=%s, lockScanRate=%s, startScanningByLowPowerMode=%s
04-07 12:59:15.747 20296 20382 I NearbyDiscovery: ApFastPairScanner: Skipping stop, already stopped scanning [CONTEXT service_id=265 ]
04-07 12:59:15.747 20296 20382 I Nearby  : (REDACTED) Successfully shutdown executor %s.
04-07 12:59:15.747 20296 20382 I NearbyDiscovery: FastPairController: unregister location ble observer [CONTEXT service_id=265 ]
04-07 12:59:15.748 20296 20382 I NearbyDiscovery: FastPairController: removeAllEventStreamInitializationDevice [CONTEXT service_id=265 ]
04-07 12:59:15.749 20296 20382 I NearbyDiscovery: FastPairController: destroyAllEventStreams [CONTEXT service_id=265 ]
04-07 12:59:15.749 20296 20382 I NearbyDiscovery: (REDACTED) EventStreamManager: Disconnect all event streams, size=%s
04-07 12:59:15.751 20296 20382 I NearbyDiscovery: FastPairController: unregister display observer [CONTEXT service_id=265 ]
04-07 12:59:15.747 20296 20388 I NearbyDiscovery: (REDACTED) SdpManager: Remove all pending sdp actions (%s)
04-07 12:59:15.755 20296 20382 I NearbyDiscovery: (REDACTED) Show notifications: %d total, no changes since last shown, no-op.
04-07 12:59:15.755 20296 20382 I NearbyDiscovery: CasePairingHandler: Close DB. [CONTEXT service_id=265 ]
04-07 12:59:15.756 20296 20382 D BluetoothAdapter: unregisterBluetoothConnectionCallback()
04-07 12:59:15.761 20296 20382 I NearbyDiscovery: DiscoveryModule: EventLoop destroyed [CONTEXT service_id=265 ]
04-07 12:59:19.560  1111  1292 D SatelliteController: iisInCarrierRoamingNbIotNtn: satellite is disabled
04-07 12:59:19.564   724  1759 W IPCThreadState: Sending oneway calls to frozen process.
04-07 12:59:27.218   724  1855 D TelephonyManager: requestModemActivityInfo: Sending result to app: ModemActivityInfo{ mTimestamp=65614573 mSleepTimeMs=6972 mIdleTimeMs=2324 mActivityStatsTechSpecificInfo=[{mRat=UNKNOWN,mFrequencyRange=UNKNOWN,mTxTimeMs[]=[166, 498, 996, 1328, 1494],mRxTimeMs=1494}]}
04-07 12:59:29.559  1111  1292 D SatelliteController: iisInCarrierRoamingNbIotNtn: satellite is disabled
04-07 12:59:29.565   724  1759 W IPCThreadState: Sending oneway calls to frozen process.
