--------- beginning of system
04-07 12:58:14.406   986  1058 D ShellSplitScreen: logExit: no-op, mLoggerSessionId is null
04-07 12:58:14.408   724  1856 I ActivityTaskManager: START u0 {xflg=0x4 cmp=com.example.gamevault/.MainActivity} with LAUNCH_MULTIPLE from uid 10229 (sr=46897923) (BAL_ALLOW_VISIBLE_WINDOW) result code=0
--------- beginning of main
04-07 12:58:14.427 20578 20578 D CompatChangeReporter: Compat change id reported: 309578419; UID 10229; state: ENABLED
04-07 12:58:14.430 20578 20578 D DesktopModeFlags: Toggle override initialized to: OVERRIDE_UNSET
04-07 12:58:14.455   724  1729 W OptProp : Cannot read opt property android.window.PROPERTY_COMPAT_ENABLE_FAKE_FOCUS
04-07 12:58:14.454   724   754 I ActivityManager: updateOomAdj start time is before than pendingPid added, don't delete it
04-07 12:58:14.459   724   751 V WindowManager: Sent Transition (#194) createdAt=04-07 12:58:14.401 via request=TransitionRequestInfo { type = OPEN, triggerTask = TaskInfo{userId=0 taskId=142 effectiveUid=10229 displayId=0 isRunning=true baseIntent=Intent { act=android.intent.action.MAIN cat=[android.intent.category.LAUNCHER] flg=0x10000000 cmp=com.example.gamevault/.LoginActivity } baseActivity=ComponentInfo{com.example.gamevault/com.example.gamevault.LoginActivity} topActivity=ComponentInfo{com.example.gamevault/com.example.gamevault.MainActivity} origActivity=null realActivity=ComponentInfo{com.example.gamevault/com.example.gamevault.LoginActivity} numActivities=2 lastActiveTime=65541761 supportsMultiWindow=true resizeMode=1 isResizeable=true minWidth=-1 minHeight=-1 defaultMinSize=220 token=WCT{RemoteToken{c597e5 Task{13e1a80 #142 type=standard A=10229:com.example.gamevault}}} topActivityType=1 pictureInPictureParams=null shouldDockBigOverlays=false launchIntoPipHostTaskId=-1 lastParentTaskIdBeforePip=-1 displayCutoutSafeInsets=Rect(0, 0 - 0, 0) topActivityInfo=ActivityInfo{895870e com.example.gamevault.MainActivity} launchCookies=[] positionInParent=Point(0, 0) parentTaskId=-1 isFocused=true isVisible=true isVisibleRequested=true isTopActivityNoDisplay=false isSleeping=false locusId=null displayAreaFeatureId=1 isTopActivityTransparent=false isActivityStackTransparent=false lastNonFullscreenBounds=Rect(284, 660 - 796, 1740) capturedLink=null capturedLinkTimestamp=0 requestedVisibleTypes=-9 topActivityRequestOpenInBrowserEducationTimestamp=0 appCompatTaskInfo=AppCompatTaskInfo { topActivityInSizeCompat=false eligibleForLetterboxEducation= false isLetterboxEducationEnabled= true isLetterboxDoubleTapEnabled= false eligibleForUserAspectRatioButton= false topActivityBoundsLetterboxed= false isFromLetterboxDoubleTap= false topActivityLetterboxVerticalPosition= -1 topActivityLetterboxHorizontalPosition= -1 topActivityLetterboxWidth=-1 topActivityLetterboxHeight=-1 topActivityAppBounds=Rect(0, 0 - 1080, 2400) isUserFullscreenOverrideEnabled=false isSystemFullscreenOverrideEnabled=false hasMinAspectRatioOverride=false topActivityLetterboxBounds=null cameraCompatTaskInfo=CameraCompatTaskInfo { freeformCameraCompatMode=inactive}} topActivityMainWindowFrame=null}, pipChange = null, remoteTransition = null, displayChange = null, flags = 0, debugId = 194 }
04-07 12:58:14.459   724   751 V WindowManager:     startWCT=WindowContainerTransaction { changes= {} hops= [] errorCallbackToken=null taskFragmentOrganizer=null }
04-07 12:58:14.460   724   751 V WindowManager:     info={id=194 t=OPEN f=0x0 trk=0 r=[0@Point(0, 0)] c=[
04-07 12:58:14.460   724   751 V WindowManager:         {m=OPEN f=STARTING_WINDOW_TRANSFER|FILLS_TASK|IS_BEHIND_STARTING_WINDOW leash=Surface(name=ActivityRecord{46321873 u0 com.example.gamevault/.MainActivity)/@0xc743a10 sb=Rect(0, 0 - 0, 0) eb=Rect(0, 0 - 1080, 2400) epz=Point(1080, 2400) d=-1->0 r=-1->0:-1 bc=fffffbfe component=com.example.gamevault/.MainActivity},
04-07 12:58:14.460   724   751 V WindowManager:         {m=CLOSE f=FILLS_TASK|IS_BEHIND_STARTING_WINDOW leash=Surface(name=ActivityRecord{46897923 u0 com.example.gamevault/.LoginActivity)/@0xd2f3ed3 sb=Rect(0, 0 - 1080, 2400) eb=Rect(0, 0 - 1080, 2400) epz=Point(1080, 2400) d=0 bc=fffffbfe component=com.example.gamevault/.LoginActivity}
04-07 12:58:14.460   724   751 V WindowManager:     ]}
04-07 12:58:14.459   986  4838 V WindowManagerShell: onTransitionReady(transaction=3109556327596)
04-07 12:58:14.463   566   566 I BpBinder: onLastStrongRef automatically unlinking death recipients: 
04-07 12:58:14.459   986  1058 V WindowManagerShell: onTransitionReady (#194) android.os.BinderProxy@ff45984: {id=194 t=OPEN f=0x0 trk=0 r=[0@Point(0, 0)] c=[
04-07 12:58:14.459   986  1058 V WindowManagerShell:         {m=OPEN f=STARTING_WINDOW_TRANSFER|FILLS_TASK|IS_BEHIND_STARTING_WINDOW leash=Surface(name=ActivityRecord{46321873 u0 com.example.gamevault/.MainActivity)/@0x5f86233 sb=Rect(0, 0 - 0, 0) eb=Rect(0, 0 - 1080, 2400) epz=Point(1080, 2400) d=-1->0 r=-1->0:-1 bc=fffffbfe component=com.example.gamevault/.MainActivity},
04-07 12:58:14.459   986  1058 V WindowManagerShell:         {m=CLOSE f=FILLS_TASK|IS_BEHIND_STARTING_WINDOW leash=Surface(name=ActivityRecord{46897923 u0 com.example.gamevault/.LoginActivity)/@0xf1f89f0 sb=Rect(0, 0 - 1080, 2400) eb=Rect(0, 0 - 1080, 2400) epz=Point(1080, 2400) d=0 bc=fffffbfe component=com.example.gamevault/.LoginActivity}
04-07 12:58:14.459   986  1058 V WindowManagerShell:     ]}
04-07 12:58:14.462   724   939 D BackgroundInstallControlService: Package event received: 0
04-07 12:58:14.459   986  1058 V WindowManagerShell: Non-visible anim so abort: (#194) android.os.BinderProxy@ff45984@0
04-07 12:58:14.459   986  1058 V WindowManagerShell: Transition animation finished (aborted=true), notifying core (#194) android.os.BinderProxy@ff45984@0
04-07 12:58:14.465   724   751 V WindowManager: Finish Transition (#194): created at 04-07 12:58:14.401 collect-started=0.037ms request-sent=5.331ms started=10.414ms ready=54.106ms sent=56.577ms finished=62.207ms
04-07 12:58:14.466   986  1058 V WindowManagerShell: Track 0 became idle
04-07 12:58:14.466   986  1058 V WindowManagerShell: All active transition animations finished
04-07 12:58:14.466   724   939 D BackgroundInstallControlService: Package event received: 0
04-07 12:58:14.467   724   939 D BackgroundInstallControlService: Package event received: 0
04-07 12:58:14.481 20578 20578 I ample.gamevault: hiddenapi: Accessing hidden method Landroid/view/ViewGroup;->makeOptionalFitsSystemWindows()V (runtime_flags=0, domain=platform, api=unsupported) from Landroidx/appcompat/widget/ViewUtils; (domain=app) using reflection: allowed
04-07 12:58:14.496 20578 20578 D CompatChangeReporter: Compat change id reported: 63938206; UID 10229; state: ENABLED
04-07 12:58:14.508 20578 20578 W HWUI    : Image decoding logging dropped!
04-07 12:58:14.510 20578 20578 D CompatChangeReporter: Compat change id reported: 352594277; UID 10229; state: ENABLED
04-07 12:58:14.519 20578 20578 D CompatChangeReporter: Compat change id reported: 303326708; UID 10229; state: ENABLED
04-07 12:58:14.531 20578 20578 W HWUI    : Image decoding logging dropped!
04-07 12:58:14.534 20578 20578 W HWUI    : Image decoding logging dropped!
04-07 12:58:14.536 20578 20578 W HWUI    : Image decoding logging dropped!
04-07 12:58:14.538 20578 20578 W HWUI    : Image decoding logging dropped!
04-07 12:58:14.539 20578 20578 W HWUI    : Image decoding logging dropped!
04-07 12:58:14.548 20578 20578 I ample.gamevault: hiddenapi: Accessing hidden method Ldalvik/system/CloseGuard;->get()Ldalvik/system/CloseGuard; (runtime_flags=CorePlatformApi, domain=core-platform, api=unsupported,core-platform-api) from Lokhttp3/internal/platform/AndroidPlatform$CloseGuard; (domain=app) using reflection: allowed
04-07 12:58:14.548 20578 20578 I ample.gamevault: hiddenapi: Accessing hidden method Ldalvik/system/CloseGuard;->open(Ljava/lang/String;)V (runtime_flags=CorePlatformApi, domain=core-platform, api=unsupported,core-platform-api) from Lokhttp3/internal/platform/AndroidPlatform$CloseGuard; (domain=app) using reflection: allowed
04-07 12:58:14.548 20578 20578 I ample.gamevault: hiddenapi: Accessing hidden method Ldalvik/system/CloseGuard;->warnIfOpen()V (runtime_flags=CorePlatformApi, domain=core-platform, api=unsupported,core-platform-api) from Lokhttp3/internal/platform/AndroidPlatform$CloseGuard; (domain=app) using reflection: allowed
04-07 12:58:14.552 20578 20578 I ample.gamevault: hiddenapi: Accessing hidden method Ljava/lang/invoke/MethodHandles$Lookup;-><init>(Ljava/lang/Class;I)V (runtime_flags=0, domain=core-platform, api=unsupported) from Lretrofit2/Platform; (domain=app) using reflection: allowed
04-07 12:58:14.570 20578 20578 D CompatChangeReporter: Compat change id reported: 349153669; UID 10229; state: ENABLED
04-07 12:58:14.573 20578 20578 W HWUI    : Unknown dataspace 0
04-07 12:58:14.610   724  1729 D CoreBackPreview: Window{21f69e6 u0 com.example.gamevault/com.example.gamevault.MainActivity}: Setting back callback OnBackInvokedCallbackInfo{mCallback=android.window.IOnBackInvokedCallback$Stub$Proxy@7fee1d4, mPriority=0, mIsAnimationCallback=false, mOverrideBehavior=0}
04-07 12:58:14.677 20578 20578 E RecyclerView: No adapter attached; skipping layout
04-07 12:58:14.678 20578 20578 E RecyclerView: No adapter attached; skipping layout
04-07 12:58:14.739   724   751 I ActivityTaskManager: Displayed com.example.gamevault/.MainActivity for user 0: +1s36ms
04-07 12:58:14.739 20578 20578 W Choreographer: Frame time is 0.825841 ms in the future!  Check that graphics HAL is generating vsync timestamps using the correct timebase.
04-07 12:58:14.737   986  1171 W Choreographer: Frame time is 2.416223 ms in the future!  Check that graphics HAL is generating vsync timestamps using the correct timebase.
04-07 12:58:14.757 20578 20578 W Glide   : Failed to find GeneratedAppGlideModule. You should include an annotationProcessor compile dependency on com.github.bumptech.glide:compiler in your application and a @GlideModule annotated AppGlideModule implementation or LibraryGlideModules will be silently ignored
04-07 12:58:14.771   986  1171 W Choreographer: Frame time is 1.798654 ms in the future!  Check that graphics HAL is generating vsync timestamps using the correct timebase.
04-07 12:58:14.776 20578 20578 I ample.gamevault: AssetManager2(0x7ddbb9ef61f8) locale list changing from [] to [en-US]
04-07 12:58:14.788   986  1171 W Choreographer: Frame time is 1.418529 ms in the future!  Check that graphics HAL is generating vsync timestamps using the correct timebase.
04-07 12:58:14.822   986  1171 W Choreographer: Frame time is 0.470921 ms in the future!  Check that graphics HAL is generating vsync timestamps using the correct timebase.
04-07 12:58:14.838   986  1171 W Choreographer: Frame time is 1.137587 ms in the future!  Check that graphics HAL is generating vsync timestamps using the correct timebase.
04-07 12:58:14.871   986  1171 W Choreographer: Frame time is 1.759021 ms in the future!  Check that graphics HAL is generating vsync timestamps using the correct timebase.
04-07 12:58:14.888   986  1171 W Choreographer: Frame time is 1.387164 ms in the future!  Check that graphics HAL is generating vsync timestamps using the correct timebase.
04-07 12:58:14.924   724   823 W JobScheduler.JobStatus: Exempted app com.android.vending considered buggy
04-07 12:58:14.924   724   823 W JobScheduler.JobStatus: Exempted app com.android.vending considered buggy
04-07 12:58:14.924   724   823 W JobScheduler.JobStatus: Exempted app com.android.vending considered buggy
04-07 12:58:14.924   724   823 W JobScheduler.JobStatus: Exempted app com.android.vending considered buggy
04-07 12:58:14.924   724   823 W JobScheduler.JobStatus: Exempted app com.android.vending considered buggy
04-07 12:58:14.924   724   823 W JobScheduler.JobStatus: Exempted app com.android.vending considered buggy
04-07 12:58:14.924   724   823 W JobScheduler.JobStatus: Exempted app com.android.vending considered buggy
04-07 12:58:14.924   724   823 W JobScheduler.JobStatus: Exempted app com.android.vending considered buggy
04-07 12:58:14.924   724   823 W JobScheduler.JobStatus: Exempted app com.android.vending considered buggy
04-07 12:58:14.924   724   823 W JobScheduler.JobStatus: Exempted app com.android.vending considered buggy
04-07 12:58:14.924   724   823 W JobScheduler.JobStatus: Exempted app com.android.vending considered buggy
04-07 12:58:14.924   724   823 W JobScheduler.JobStatus: Exempted app com.android.vending considered buggy
04-07 12:58:14.924   724   823 W JobScheduler.JobStatus: Exempted app com.android.vending considered buggy
04-07 12:58:14.924   724   823 W JobScheduler.JobStatus: Exempted app com.android.vending considered buggy
04-07 12:58:14.924   724   823 W JobScheduler.JobStatus: Exempted app com.android.vending considered buggy
04-07 12:58:14.924   724   823 W JobScheduler.JobStatus: Exempted app com.android.vending considered buggy
04-07 12:58:14.924   724   823 W JobScheduler.JobStatus: Exempted app com.android.vending considered buggy
04-07 12:58:14.924   724   823 W JobScheduler.JobStatus: Exempted app com.android.vending considered buggy
04-07 12:58:14.924   724   823 W JobScheduler.JobStatus: Exempted app com.android.vending considered buggy
04-07 12:58:14.924   724   823 W JobScheduler.JobStatus: Exempted app com.android.vending considered buggy
04-07 12:58:14.924   724   823 W JobScheduler.JobStatus: Exempted app com.android.vending considered buggy
04-07 12:58:14.924   724   823 W JobScheduler.JobStatus: Exempted app com.android.vending considered buggy
04-07 12:58:14.924   724   823 W JobScheduler.JobStatus: Exempted app com.android.vending considered buggy
04-07 12:58:14.924   724   823 W JobScheduler.JobStatus: Exempted app com.android.vending considered buggy
04-07 12:58:14.924   724   823 W JobScheduler.JobStatus: Exempted app com.android.vending considered buggy
04-07 12:58:14.924   724   823 W JobScheduler.JobStatus: Exempted app com.android.vending considered buggy
04-07 12:58:14.924   724   823 W JobScheduler.JobStatus: Exempted app com.android.vending considered buggy
04-07 12:58:14.924   724   823 W JobScheduler.JobStatus: Exempted app com.android.vending considered buggy
04-07 12:58:14.924   724   823 W JobScheduler.JobStatus: Exempted app com.android.vending considered buggy
04-07 12:58:14.924   724   823 W JobScheduler.JobStatus: Exempted app com.android.vending considered buggy
04-07 12:58:14.924   724   823 W JobScheduler.JobStatus: Exempted app com.android.vending considered buggy
04-07 12:58:14.929  1140  1140 D BaseDepthController: setSurface:
04-07 12:58:14.929  1140  1140 D BaseDepthController: 	mWaitingOnSurfaceValidity: false
04-07 12:58:14.929  1140  1140 D BaseDepthController: 	mBaseSurface: null
04-07 12:58:14.929  1140  1140 D BaseDepthController: mSurface is null and mCurrentBlur is: 0
04-07 12:58:14.931  1140  1140 D StateManager: goToState - fromState: Normal, toState: Normal, partial trace:
04-07 12:58:14.931  1140  1140 D StateManager: 	at com.android.launcher3.statemanager.StateManager.moveToRestState(go/retraceme 72a59688580715d19f0e415c69e80376c2f062d1648c80db6730905005a27c20:4)
04-07 12:58:14.931  1140  1140 D StateManager: 	at com.android.launcher3.statemanager.StateManager.moveToRestState(go/retraceme 72a59688580715d19f0e415c69e80376c2f062d1648c80db6730905005a27c20:1)
04-07 12:58:14.931  1140  1140 D StateManager: 	at com.android.launcher3.statemanager.StatefulActivity.onStop(go/retraceme 72a59688580715d19f0e415c69e80376c2f062d1648c80db6730905005a27c20:34)
04-07 12:58:14.932  1140  1140 D StatsLog: LAUNCHER_ONSTOP
04-07 12:58:14.934   724   939 D BackgroundInstallControlService: Package event received: 0
04-07 12:58:14.934  1140  1140 D StatsLog: LAUNCHER_GOOGLE_SEARCH_RESTORE_LIST_SIZE_AFTER_ACTIVITY_RESTART
04-07 12:58:14.938   986  1171 W Choreographer: Frame time is 1.137584 ms in the future!  Check that graphics HAL is generating vsync timestamps using the correct timebase.
04-07 12:58:14.945   724   939 D BackgroundInstallControlService: Package event received: 0
04-07 12:58:14.984 20578 20607 W HWUI    : Image decoding logging dropped!
04-07 12:58:15.034 20578 20607 W HWUI    : Image decoding logging dropped!
04-07 12:58:15.044  1140  1159 W System  : A resource failed to call release. 
04-07 12:58:15.044  1140  1159 W System  : A resource failed to call release. 
04-07 12:58:15.044  1140  1159 W System  : A resource failed to call release. 
04-07 12:58:15.044  1140  1159 W System  : A resource failed to call release. 
04-07 12:58:15.044  1140  1159 W System  : A resource failed to call release. 
04-07 12:58:15.044  1140  1159 W System  : A resource failed to call release. 
04-07 12:58:15.051 20578 20607 W HWUI    : Image decoding logging dropped!
04-07 12:58:15.071 20578 20607 W HWUI    : Image decoding logging dropped!
04-07 12:58:15.082 20296 20328 I FontLog : (REDACTED) Received query %s, URI %s
04-07 12:58:15.086 20296 20328 I FontLog : (REDACTED) Query [%s] resolved to %s
04-07 12:58:15.089 20578 20578 W Choreographer: Frame time is 0.79024297 ms in the future!  Check that graphics HAL is generating vsync timestamps using the correct timebase.
04-07 12:58:15.089  1140  1140 W Choreographer: Frame time is 0.671852 ms in the future!  Check that graphics HAL is generating vsync timestamps using the correct timebase.
04-07 12:58:15.090 20296 20328 I FontLog : (REDACTED) Fetch %s end status %s
04-07 12:58:15.091   986  1171 W Choreographer: Frame time is 3.137578 ms in the future!  Check that graphics HAL is generating vsync timestamps using the correct timebase.
04-07 12:58:15.098   986  1171 W WindowOnBackDispatcher: sendCancelIfRunning: isInProgress=false callback=android.view.ViewRootImpl$$ExternalSyntheticLambda13@d4642a7
04-07 12:58:15.101   724  1039 D CoreBackPreview: Window{40f85f1 u0 Splash Screen com.example.gamevault EXITING}: Setting back callback null
04-07 12:58:15.099 20296 20328 I FontLog : (REDACTED) Pulling font file for id = %d, cache size = %d
04-07 12:58:15.105   635   705 W IPCThreadState: Sending oneway calls to frozen process.
04-07 12:58:15.105   635   705 W IPCThreadState: Sending oneway calls to frozen process.
04-07 12:58:15.103 20296 20328 I FontLog : (REDACTED) Pulling font file for id = %d, cache size = %d
04-07 12:58:15.104   986  1287 W Choreographer: Frame time is 2.291426 ms in the future!  Check that graphics HAL is generating vsync timestamps using the correct timebase.
04-07 12:58:15.105   986  1171 W Choreographer: Frame time is 1.740003 ms in the future!  Check that graphics HAL is generating vsync timestamps using the correct timebase.
04-07 12:58:15.109 20578 20607 W HWUI    : Image decoding logging dropped!
04-07 12:58:15.122   986  1171 W Choreographer: Frame time is 0.47091 ms in the future!  Check that graphics HAL is generating vsync timestamps using the correct timebase.
04-07 12:58:15.130 20578 20607 W HWUI    : Image decoding logging dropped!
04-07 12:58:15.138   724   756 W Choreographer: Frame time is 1.137576 ms in the future!  Check that graphics HAL is generating vsync timestamps using the correct timebase.
04-07 12:58:15.146 20578 20578 W Glide   : Load failed for [http://10.0.2.2:3000/imgBBDD/Games/witcher3.jpg] with dimensions [954x525]
04-07 12:58:15.146 20578 20578 W Glide   : class com.bumptech.glide.load.engine.GlideException: Failed to load resource
04-07 12:58:15.146 20578 20578 W Glide   : There was 1 root cause:
04-07 12:58:15.146 20578 20578 W Glide   : com.bumptech.glide.load.HttpException(Failed to connect or obtain data, status code: 404)
04-07 12:58:15.146 20578 20578 W Glide   :  call GlideException#logRootCauses(String) for more detail
04-07 12:58:15.146 20578 20578 W Glide   :   Cause (1 of 1): class com.bumptech.glide.load.engine.GlideException: Fetching data failed, class java.io.InputStream, REMOTE
04-07 12:58:15.146 20578 20578 W Glide   : There was 1 root cause:
04-07 12:58:15.146 20578 20578 W Glide   : com.bumptech.glide.load.HttpException(Failed to connect or obtain data, status code: 404)
04-07 12:58:15.146 20578 20578 W Glide   :  call GlideException#logRootCauses(String) for more detail
04-07 12:58:15.146 20578 20578 W Glide   :     Cause (1 of 1): class com.bumptech.glide.load.engine.GlideException: Fetch failed
04-07 12:58:15.146 20578 20578 W Glide   : There was 1 root cause:
04-07 12:58:15.146 20578 20578 W Glide   : com.bumptech.glide.load.HttpException(Failed to connect or obtain data, status code: 404)
04-07 12:58:15.146 20578 20578 W Glide   :  call GlideException#logRootCauses(String) for more detail
04-07 12:58:15.146 20578 20578 W Glide   :       Cause (1 of 1): class com.bumptech.glide.load.HttpException: Failed to connect or obtain data, status code: 404
04-07 12:58:15.147 20578 20578 I Glide   : Root cause (1 of 1)
04-07 12:58:15.147 20578 20578 I Glide   : com.bumptech.glide.load.HttpException: Failed to connect or obtain data, status code: 404
04-07 12:58:15.147 20578 20578 I Glide   : 	at com.bumptech.glide.load.data.HttpUrlFetcher.loadDataWithRedirects(HttpUrlFetcher.java:98)
04-07 12:58:15.147 20578 20578 I Glide   : 	at com.bumptech.glide.load.data.HttpUrlFetcher.loadData(HttpUrlFetcher.java:58)
04-07 12:58:15.147 20578 20578 I Glide   : 	at com.bumptech.glide.load.model.MultiModelLoader$MultiFetcher.loadData(MultiModelLoader.java:100)
04-07 12:58:15.147 20578 20578 I Glide   : 	at com.bumptech.glide.load.engine.SourceGenerator.startNextLoad(SourceGenerator.java:95)
04-07 12:58:15.147 20578 20578 I Glide   : 	at com.bumptech.glide.load.engine.SourceGenerator.startNext(SourceGenerator.java:88)
04-07 12:58:15.147 20578 20578 I Glide   : 	at com.bumptech.glide.load.engine.DecodeJob.runGenerators(DecodeJob.java:311)
04-07 12:58:15.147 20578 20578 I Glide   : 	at com.bumptech.glide.load.engine.DecodeJob.runWrapped(DecodeJob.java:280)
04-07 12:58:15.147 20578 20578 I Glide   : 	at com.bumptech.glide.load.engine.DecodeJob.run(DecodeJob.java:235)
04-07 12:58:15.147 20578 20578 I Glide   : 	at java.util.concurrent.ThreadPoolExecutor.runWorker(ThreadPoolExecutor.java:1156)
04-07 12:58:15.147 20578 20578 I Glide   : 	at java.util.concurrent.ThreadPoolExecutor$Worker.run(ThreadPoolExecutor.java:651)
04-07 12:58:15.147 20578 20578 I Glide   : 	at com.bumptech.glide.load.engine.executor.GlideExecutor$DefaultThreadFactory$1.run(GlideExecutor.java:424)
04-07 12:58:15.147 20578 20578 I Glide   : 	at java.lang.Thread.run(Thread.java:1119)
04-07 12:58:15.147 20578 20578 I Glide   : 	at com.bumptech.glide.load.engine.executor.GlideExecutor$DefaultPriorityThreadFactory$1.run(GlideExecutor.java:383)
04-07 12:58:15.147 20578 20578 I Glide   : Caused by: java.io.FileNotFoundException: http://10.0.2.2:3000/imgBBDD/Games/witcher3.jpg
04-07 12:58:15.147 20578 20578 I Glide   : 	at com.android.okhttp.internal.huc.HttpURLConnectionImpl.getInputStream(HttpURLConnectionImpl.java:255)
04-07 12:58:15.147 20578 20578 I Glide   : 	at com.bumptech.glide.load.data.HttpUrlFetcher.loadDataWithRedirects(HttpUrlFetcher.java:95)
04-07 12:58:15.147 20578 20578 I Glide   : 	... 12 more
04-07 12:58:15.148 20578 20578 W Glide   : Load failed for [http://10.0.2.2:3000/imgBBDD/Games/rdr2.jpg] with dimensions [954x525]
04-07 12:58:15.148 20578 20578 W Glide   : class com.bumptech.glide.load.engine.GlideException: Failed to load resource
04-07 12:58:15.148 20578 20578 W Glide   : There was 1 root cause:
04-07 12:58:15.148 20578 20578 W Glide   : com.bumptech.glide.load.HttpException(Failed to connect or obtain data, status code: 404)
04-07 12:58:15.148 20578 20578 W Glide   :  call GlideException#logRootCauses(String) for more detail
04-07 12:58:15.148 20578 20578 W Glide   :   Cause (1 of 1): class com.bumptech.glide.load.engine.GlideException: Fetching data failed, class java.io.InputStream, REMOTE
04-07 12:58:15.148 20578 20578 W Glide   : There was 1 root cause:
04-07 12:58:15.148 20578 20578 W Glide   : com.bumptech.glide.load.HttpException(Failed to connect or obtain data, status code: 404)
04-07 12:58:15.148 20578 20578 W Glide   :  call GlideException#logRootCauses(String) for more detail
04-07 12:58:15.148 20578 20578 W Glide   :     Cause (1 of 1): class com.bumptech.glide.load.engine.GlideException: Fetch failed
04-07 12:58:15.148 20578 20578 W Glide   : There was 1 root cause:
04-07 12:58:15.148 20578 20578 W Glide   : com.bumptech.glide.load.HttpException(Failed to connect or obtain data, status code: 404)
04-07 12:58:15.148 20578 20578 W Glide   :  call GlideException#logRootCauses(String) for more detail
04-07 12:58:15.148 20578 20578 W Glide   :       Cause (1 of 1): class com.bumptech.glide.load.HttpException: Failed to connect or obtain data, status code: 404
04-07 12:58:15.149 20578 20578 I Glide   : Root cause (1 of 1)
04-07 12:58:15.149 20578 20578 I Glide   : com.bumptech.glide.load.HttpException: Failed to connect or obtain data, status code: 404
04-07 12:58:15.149 20578 20578 I Glide   : 	at com.bumptech.glide.load.data.HttpUrlFetcher.loadDataWithRedirects(HttpUrlFetcher.java:98)
04-07 12:58:15.149 20578 20578 I Glide   : 	at com.bumptech.glide.load.data.HttpUrlFetcher.loadData(HttpUrlFetcher.java:58)
04-07 12:58:15.149 20578 20578 I Glide   : 	at com.bumptech.glide.load.model.MultiModelLoader$MultiFetcher.loadData(MultiModelLoader.java:100)
04-07 12:58:15.149 20578 20578 I Glide   : 	at com.bumptech.glide.load.engine.SourceGenerator.startNextLoad(SourceGenerator.java:95)
04-07 12:58:15.149 20578 20578 I Glide   : 	at com.bumptech.glide.load.engine.SourceGenerator.startNext(SourceGenerator.java:88)
04-07 12:58:15.149 20578 20578 I Glide   : 	at com.bumptech.glide.load.engine.DecodeJob.runGenerators(DecodeJob.java:311)
04-07 12:58:15.149 20578 20578 I Glide   : 	at com.bumptech.glide.load.engine.DecodeJob.runWrapped(DecodeJob.java:280)
04-07 12:58:15.149 20578 20578 I Glide   : 	at com.bumptech.glide.load.engine.DecodeJob.run(DecodeJob.java:235)
04-07 12:58:15.149 20578 20578 I Glide   : 	at java.util.concurrent.ThreadPoolExecutor.runWorker(ThreadPoolExecutor.java:1156)
04-07 12:58:15.149 20578 20578 I Glide   : 	at java.util.concurrent.ThreadPoolExecutor$Worker.run(ThreadPoolExecutor.java:651)
04-07 12:58:15.149 20578 20578 I Glide   : 	at com.bumptech.glide.load.engine.executor.GlideExecutor$DefaultThreadFactory$1.run(GlideExecutor.java:424)
04-07 12:58:15.149 20578 20578 I Glide   : 	at java.lang.Thread.run(Thread.java:1119)
04-07 12:58:15.149 20578 20578 I Glide   : 	at com.bumptech.glide.load.engine.executor.GlideExecutor$DefaultPriorityThreadFactory$1.run(GlideExecutor.java:383)
04-07 12:58:15.149 20578 20578 I Glide   : Caused by: java.io.FileNotFoundException: http://10.0.2.2:3000/imgBBDD/Games/rdr2.jpg
04-07 12:58:15.149 20578 20578 I Glide   : 	at com.android.okhttp.internal.huc.HttpURLConnectionImpl.getInputStream(HttpURLConnectionImpl.java:255)
04-07 12:58:15.149 20578 20578 I Glide   : 	at com.bumptech.glide.load.data.HttpUrlFetcher.loadDataWithRedirects(HttpUrlFetcher.java:95)
04-07 12:58:15.149 20578 20578 I Glide   : 	... 12 more
04-07 12:58:15.149 20578 20578 W Glide   : Load failed for [http://10.0.2.2:3000/imgBBDD/Games/portal2.jpg] with dimensions [954x525]
04-07 12:58:15.149 20578 20578 W Glide   : class com.bumptech.glide.load.engine.GlideException: Failed to load resource
04-07 12:58:15.149 20578 20578 W Glide   : There was 1 root cause:
04-07 12:58:15.149 20578 20578 W Glide   : com.bumptech.glide.load.HttpException(Failed to connect or obtain data, status code: 404)
04-07 12:58:15.149 20578 20578 W Glide   :  call GlideException#logRootCauses(String) for more detail
04-07 12:58:15.149 20578 20578 W Glide   :   Cause (1 of 1): class com.bumptech.glide.load.engine.GlideException: Fetching data failed, class java.io.InputStream, REMOTE
04-07 12:58:15.149 20578 20578 W Glide   : There was 1 root cause:
04-07 12:58:15.149 20578 20578 W Glide   : com.bumptech.glide.load.HttpException(Failed to connect or obtain data, status code: 404)
04-07 12:58:15.149 20578 20578 W Glide   :  call GlideException#logRootCauses(String) for more detail
04-07 12:58:15.149 20578 20578 W Glide   :     Cause (1 of 1): class com.bumptech.glide.load.engine.GlideException: Fetch failed
04-07 12:58:15.149 20578 20578 W Glide   : There was 1 root cause:
04-07 12:58:15.149 20578 20578 W Glide   : com.bumptech.glide.load.HttpException(Failed to connect or obtain data, status code: 404)
04-07 12:58:15.149 20578 20578 W Glide   :  call GlideException#logRootCauses(String) for more detail
04-07 12:58:15.149 20578 20578 W Glide   :       Cause (1 of 1): class com.bumptech.glide.load.HttpException: Failed to connect or obtain data, status code: 404
04-07 12:58:15.150 20578 20578 I Glide   : Root cause (1 of 1)
04-07 12:58:15.150 20578 20578 I Glide   : com.bumptech.glide.load.HttpException: Failed to connect or obtain data, status code: 404
04-07 12:58:15.150 20578 20578 I Glide   : 	at com.bumptech.glide.load.data.HttpUrlFetcher.loadDataWithRedirects(HttpUrlFetcher.java:98)
04-07 12:58:15.150 20578 20578 I Glide   : 	at com.bumptech.glide.load.data.HttpUrlFetcher.loadData(HttpUrlFetcher.java:58)
04-07 12:58:15.150 20578 20578 I Glide   : 	at com.bumptech.glide.load.model.MultiModelLoader$MultiFetcher.loadData(MultiModelLoader.java:100)
04-07 12:58:15.150 20578 20578 I Glide   : 	at com.bumptech.glide.load.engine.SourceGenerator.startNextLoad(SourceGenerator.java:95)
04-07 12:58:15.150 20578 20578 I Glide   : 	at com.bumptech.glide.load.engine.SourceGenerator.startNext(SourceGenerator.java:88)
04-07 12:58:15.150 20578 20578 I Glide   : 	at com.bumptech.glide.load.engine.DecodeJob.runGenerators(DecodeJob.java:311)
04-07 12:58:15.150 20578 20578 I Glide   : 	at com.bumptech.glide.load.engine.DecodeJob.runWrapped(DecodeJob.java:280)
04-07 12:58:15.150 20578 20578 I Glide   : 	at com.bumptech.glide.load.engine.DecodeJob.run(DecodeJob.java:235)
04-07 12:58:15.150 20578 20578 I Glide   : 	at java.util.concurrent.ThreadPoolExecutor.runWorker(ThreadPoolExecutor.java:1156)
04-07 12:58:15.150 20578 20578 I Glide   : 	at java.util.concurrent.ThreadPoolExecutor$Worker.run(ThreadPoolExecutor.java:651)
04-07 12:58:15.150 20578 20578 I Glide   : 	at com.bumptech.glide.load.engine.executor.GlideExecutor$DefaultThreadFactory$1.run(GlideExecutor.java:424)
04-07 12:58:15.150 20578 20578 I Glide   : 	at java.lang.Thread.run(Thread.java:1119)
04-07 12:58:15.150 20578 20578 I Glide   : 	at com.bumptech.glide.load.engine.executor.GlideExecutor$DefaultPriorityThreadFactory$1.run(GlideExecutor.java:383)
04-07 12:58:15.150 20578 20578 I Glide   : Caused by: java.io.FileNotFoundException: http://10.0.2.2:3000/imgBBDD/Games/portal2.jpg
04-07 12:58:15.150 20578 20578 I Glide   : 	at com.android.okhttp.internal.huc.HttpURLConnectionImpl.getInputStream(HttpURLConnectionImpl.java:255)
04-07 12:58:15.150 20578 20578 I Glide   : 	at com.bumptech.glide.load.data.HttpUrlFetcher.loadDataWithRedirects(HttpUrlFetcher.java:95)
04-07 12:58:15.150 20578 20578 I Glide   : 	... 12 more
04-07 12:58:15.156 20578 20578 W Choreographer: Frame time is 1.584996 ms in the future!  Check that graphics HAL is generating vsync timestamps using the correct timebase.
04-07 12:58:15.187   724   756 W Choreographer: Frame time is 2.317486 ms in the future!  Check that graphics HAL is generating vsync timestamps using the correct timebase.
04-07 12:58:15.190  1140  1140 W Choreographer: Frame time is 0.12224 ms in the future!  Check that graphics HAL is generating vsync timestamps using the correct timebase.
04-07 12:58:15.274 20578 20582 I ample.gamevault: Compiler allocated 5042KB to compile void android.view.ViewRootImpl.performTraversals()
04-07 12:58:15.530   724   760 D ActivityManager: sync unfroze 16007 com.google.android.apps.messaging for 3
04-07 12:58:15.541 16007 16274 I BugleRcsEngine: SIM state event delay enabled: attempts 0, maxAttempts 3, delaySeconds 90 MSIM delayseconds 90, effective delay seconds 90 [CONTEXT thread_id=138 ]
04-07 12:58:15.541 16007 16274 I BugleRcsEngine: posted simEventProcessTask to handler with delay 90 [CONTEXT thread_id=138 ]
04-07 12:58:15.545 16007 20615 I BugleDataModel: Scheduling country code detector action, because a subscription changed its state.
04-07 12:58:15.579 16007 16274 I BugleRcsEngine: SIM state event delay enabled: attempts 1, maxAttempts 3, delaySeconds 90 MSIM delayseconds 90, effective delay seconds 90 [CONTEXT thread_id=138 ]
04-07 12:58:15.580 16007 16274 I BugleRcsEngine: posted simEventProcessTask to handler with delay 90 [CONTEXT thread_id=138 ]
04-07 12:58:15.604 16007 20616 I RcsProvisioningFlow: Scheduling 3 using PWQ with updateTrigger: 2, scheduledAt: 2026-04-07T12:58:15.578Z, initialDelaySeconds: 0.
04-07 12:58:15.644 16007 20616 I RcsProvisioningFlow: Scheduling 3 using PWQ with updateTrigger: 2, scheduledAt: 2026-04-07T12:58:15.644Z, initialDelaySeconds: 0.
04-07 12:58:15.641 16007 20615 I BugleDataModel: Scheduling self participants refresh action, because a subscription changed its state.
04-07 12:58:15.649 16007 16078 I ForwardSyncCache: reclaimMemory: Clearing caches
04-07 12:58:15.668 16007 20617 I .apps.messaging: AssetManager2(0x7ddbb9efd8b8) locale list changing from [] to [en-US]
04-07 12:58:15.672 16007 20615 W JobInfo : Requested important-while-foreground flag for job1598 is ignored and takes no effect
04-07 12:58:15.673 16007 20615 D WM-SystemJobScheduler: Scheduling work ID a26a5b97-db3f-43d9-ac62-cdb690e31e74Job ID 1598
04-07 12:58:15.673 16007 16078 W Bugle   : TextClassifierLibManagerImpl: Reclaiming memory at level: 40
04-07 12:58:15.675 16007 20617 W Bugle   : BuglePhoneNumberUtils: canonicalizeMccMnc: invalid mccmnc. mcc: null, mnc: null
04-07 12:58:15.676 16007 16078 I ForwardSyncCache: reclaimMemory: Clearing caches
04-07 12:58:15.676 16007 16078 W Bugle   : TextClassifierLibManagerImpl: Reclaiming memory at level: 40
04-07 12:58:15.678 16007 20615 D WM-GreedyScheduler: Ignoring {WorkSpec: 4e79be1e-7ccb-43d8-83bc-afcd619cdd8d}. Requires device idle.
04-07 12:58:15.678 16007 20615 D WM-GreedyScheduler: Ignoring {WorkSpec: 1cd3b08b-060d-484d-bd84-34dde44bd01b}. Requires device idle.
04-07 12:58:15.678 16007 20615 D WM-GreedyScheduler: Ignoring {WorkSpec: 725bb74e-a175-48b0-bb4d-02ee3f71fc85}. Requires device idle.
04-07 12:58:15.677 16007 16078 I ForwardSyncCache: reclaimMemory: Clearing caches
04-07 12:58:15.677 16007 16078 W Bugle   : TextClassifierLibManagerImpl: Reclaiming memory at level: 40
04-07 12:58:15.677 16007 16078 I ForwardSyncCache: reclaimMemory: Clearing caches
04-07 12:58:15.678 16007 20615 D WM-GreedyScheduler: Starting work for a26a5b97-db3f-43d9-ac62-cdb690e31e74
04-07 12:58:15.678 16007 20615 D WM-GreedyScheduler: Starting tracking for 24a3d22d-8269-4bf4-86e5-ede21bbbf209,bd202fea-3a2d-44ea-93b3-cd40403fe0f7,f1e23059-e7f2-4ec3-9cbc-3c7b22043661,bbc9356c-d8c2-4ad6-a9a4-968dbaef3f28
04-07 12:58:15.677 16007 16078 W Bugle   : TextClassifierLibManagerImpl: Reclaiming memory at level: 40
04-07 12:58:15.681 16007 20615 D WM-Processor: snx: processing WorkGenerationalId(workSpecId=a26a5b97-db3f-43d9-ac62-cdb690e31e74, generation=0)
04-07 12:58:15.680 16007 16007 D WM-SystemJobService: onStartJob for WorkGenerationalId(workSpecId=a26a5b97-db3f-43d9-ac62-cdb690e31e74, generation=0)
04-07 12:58:15.684 16007 20615 I BugleDataModel: Scheduling country code detector action, because a subscription changed its state.
04-07 12:58:15.685 16007 20615 I BugleDataModel: Scheduling self participants refresh action, because a subscription changed its state.
04-07 12:58:15.688 16007 20617 W Bugle   : BuglePhoneNumberUtils: canonicalizeMccMnc: invalid mccmnc. mcc: null, mnc: null
04-07 12:58:15.691 16007 20616 D MddListenableWorkerFactory: createWorker for class: com.google.android.apps.messaging.shared.datamodel.workqueue.WorkQueueWorkerShim
04-07 12:58:15.696 16007 20617 D WM-Processor: Work WorkGenerationalId(workSpecId=a26a5b97-db3f-43d9-ac62-cdb690e31e74, generation=0) is already enqueued for processing
04-07 12:58:15.699 16007 16007 D WM-WorkerWrapper: Starting work for com.google.android.apps.messaging.shared.datamodel.workqueue.WorkQueueWorkerShim
04-07 12:58:15.702 16007 20616 I RcsProvisioningFlow: Handling SIM state update work request for 3 with updateTrigger 2, scheduledAt 2026-04-07T12:58:15.578Z.
04-07 12:58:15.702 16007 20616 I RcsProvisioningFlow: Beginning update task for phone SIMs state scheduledAt: 2026-04-07T12:58:15.578Z
04-07 12:58:15.699 16007 16075 I BugleConnectivity: isOnSatellite(1): false [CONTEXT ratelimit_period="1 SECONDS" skipped=1 ]
04-07 12:58:15.699 16007 16075 I BugleConnectivity: 1 is not on satellite and no other subscriptions are on satellite [CONTEXT ratelimit_period="1 SECONDS" skipped=1 ]
04-07 12:58:15.704 16007 20616 I RcsProvisioningFlow: Lock acquired for updatng phone SIMs state with update trigger: 2.
04-07 12:58:15.708 16007 20616 I BugleSimStateTracker: default call SIM: redacted-pii:sim_id[chars:20,last3:897], default sms SIM redacted-pii:sim_id[chars:20,last3:897]. default data SIM redacted-pii:sim_id[chars:20,last3:897].
04-07 12:58:15.718 16007 20616 I BugleSimStateTracker: Is carrier config for identified carrier: true
04-07 12:58:15.731 16007 20616 I BugleSimStateTracker: Looking up Fi through package names.
04-07 12:58:15.741 16007 20616 I RcsProvisioningFlow: All newly built SimSubscriptionInfos: [(simId: redacted-pii:sim_id[chars:20,last3:897],
04-07 12:58:15.741 16007 20616 I RcsProvisioningFlow: subId: 1,
04-07 12:58:15.741 16007 20616 I RcsProvisioningFlow: simSlot: 0,
04-07 12:58:15.741 16007 20616 I RcsProvisioningFlow: imsi: redacted-pii:imsi[chars:15],
04-07 12:58:15.741 16007 20616 I RcsProvisioningFlow: phoneNumber: redacted-pii:phone_number[chars:12,last2:67],
04-07 12:58:15.741 16007 20616 I RcsProvisioningFlow: countryCode: US,
04-07 12:58:15.741 16007 20616 I RcsProvisioningFlow: networkOperatorName: T-Mobile,
04-07 12:58:15.741 16007 20616 I RcsProvisioningFlow: subscriptionGroupUuid: ,
04-07 12:58:15.741 16007 20616 I RcsProvisioningFlow: mcc: 310,
04-07 12:58:15.741 16007 20616 I RcsProvisioningFlow: mnc: 260,
04-07 12:58:15.741 16007 20616 I RcsProvisioningFlow: simCarrierId: 1,
04-07 12:58:15.741 16007 20616 I RcsProvisioningFlow: iccid: redacted-pii:sim_iccid[chars:20],
04-07 12:58:15.741 16007 20616 I RcsProvisioningFlow: isFi: false,
04-07 12:58:15.741 16007 20616 I RcsProvisioningFlow: loggableGuid: e4692a14-eed3-4d4b-8fa5-d9259f017b36,
04-07 12:58:15.741 16007 20616 I RcsProvisioningFlow: formattedMsisdn: redacted-pii:phone_number[chars:12,last2:67],
04-07 12:58:15.741 16007 20616 I RcsProvisioningFlow: simOperatorName: T-Mobile,
04-07 12:58:15.741 16007 20616 I RcsProvisioningFlow: simOperator: 310260,
04-07 12:58:15.741 16007 20616 I RcsProvisioningFlow: groupIdLevel1: ,
04-07 12:58:15.741 16007 20616 I RcsProvisioningFlow: preferredSubscriptionName: T-Mobile)]
04-07 12:58:15.749 16007 20616 I RcsProvisioningFlow: Storing updated SimSubscriptionInfo list: [(redacted-pii:sim_id[chars:20,last3:897], e4692a14-eed3-4d4b-8fa5-d9259f017b36)]
04-07 12:58:15.754 16007 20616 I RcsProvisioningFlow: No new or updated SIMs on phone sim state update.
04-07 12:58:15.761 16007 20619 I WM-WorkerWrapper: Worker result SUCCESS for Work [ id=a26a5b97-db3f-43d9-ac62-cdb690e31e74, tags={ com.google.android.apps.messaging.shared.datamodel.workqueue.WorkQueueWorkerShim,sim_state_update_queue-WORK_TYPE_UPDATE_PHONE_SIMS_STATE } ]
04-07 12:58:15.764 16007 16007 D WM-Processor: snx a26a5b97-db3f-43d9-ac62-cdb690e31e74 executed; reschedule = false
04-07 12:58:15.764 16007 16007 D WM-SystemJobService: a26a5b97-db3f-43d9-ac62-cdb690e31e74 executed on JobScheduler
04-07 12:58:15.769 16007 20617 D WM-GreedyScheduler: Cancelling work ID a26a5b97-db3f-43d9-ac62-cdb690e31e74
04-07 12:58:15.770 16007 20617 D WM-GreedyScheduler: Ignoring {WorkSpec: 4e79be1e-7ccb-43d8-83bc-afcd619cdd8d}. Requires device idle.
04-07 12:58:15.770 16007 20617 D WM-GreedyScheduler: Ignoring {WorkSpec: 1cd3b08b-060d-484d-bd84-34dde44bd01b}. Requires device idle.
04-07 12:58:15.770 16007 20617 D WM-GreedyScheduler: Ignoring {WorkSpec: 725bb74e-a175-48b0-bb4d-02ee3f71fc85}. Requires device idle.
04-07 12:58:15.770 16007 20617 D WM-GreedyScheduler: Starting tracking for 24a3d22d-8269-4bf4-86e5-ede21bbbf209,bd202fea-3a2d-44ea-93b3-cd40403fe0f7,f1e23059-e7f2-4ec3-9cbc-3c7b22043661,bbc9356c-d8c2-4ad6-a9a4-968dbaef3f28
04-07 12:58:15.774 16007 16075 I ForwardSyncCache: reclaimMemory: Clearing caches
04-07 12:58:15.774 16007 16075 W Bugle   : TextClassifierLibManagerImpl: Reclaiming memory at level: 40
04-07 12:58:17.215   724  1625 E TaskPersister: File error accessing recents directory (directory doesn't exist?).
04-07 12:58:19.503  1111  1292 D SatelliteController: iisInCarrierRoamingNbIotNtn: satellite is disabled
04-07 12:58:19.964 20578 20621 D ProfileInstaller: Installing profile for com.example.gamevault
04-07 12:58:21.651 16007 16007 I BugleDataModel: ActionExecutorImpl: ACTION_EXECUTE_QUEUED_CountryCodeDetectorAction
04-07 12:58:21.651 16007 16007 I BugleDataModel: ActionExecutorImpl: ACTION_EXECUTE_QUEUED_SelfParticipantsRefreshAction
04-07 12:58:21.653 16007 20615 I BugleDataModel: ExecuteActionRunnable: running action CountryCodeDetectorAction
04-07 12:58:21.654 16007 20615 I BugleDataModel: ActionExecutorImpl: ACTION_BACKGROUND_QUEUED_CountryCodeDetectorAction
04-07 12:58:21.654 16007 20615 I BugleDataModel: ExecuteActionRunnable: finished running action CountryCodeDetectorAction
04-07 12:58:21.654 16007 20615 I BugleDataModel: ExecuteActionRunnable: running action SelfParticipantsRefreshAction
04-07 12:58:21.654 16007 20615 I BugleDataModel: ActionExecutorImpl: ACTION_BACKGROUND_QUEUED_SelfParticipantsRefreshAction
04-07 12:58:21.654 16007 20615 I BugleDataModel: ExecuteActionRunnable: finished running action SelfParticipantsRefreshAction
04-07 12:58:21.651 16007 20619 I Bugle   : CountryCodeDetector: updateSmsNetworkCountry from default subscription network country. detected country: us
04-07 12:58:21.651 16007 20619 I BugleDataModel: ActionExecutorImpl: ACTION_RESPONSE_QUEUED_CountryCodeDetectorAction
04-07 12:58:21.651 16007 20619 I BugleDataModel: ParticipantFullRefresh: Start participant refresh. refreshMode: SELF_ONLY
04-07 12:58:21.658 16007 20619 I BugleDataModel: SubscriptionsTracker#refreshSelfParticipantList([1]), with subIdToSimIdMap([])
04-07 12:58:21.672 16007 20619 I Bugle   : getRawTelephonyPhoneNumber redacted-pii[12-chars] [CONTEXT sub_id=1 ]
04-07 12:58:21.676 16007 20619 I Bugle   : SubscriptionUtils.getCanonicalForSelf: self=redacted-pii[12-chars], country=US [CONTEXT sub_id=1 ]
04-07 12:58:21.680 16007 20619 I Bugle   : CountryCodeDetector: updateSmsNetworkCountry from default subscription network country. detected country: us
04-07 12:58:21.686 16007 20619 I Bugle   : getRawTelephonyPhoneNumber redacted-pii[12-chars] [CONTEXT sub_id=1 ]
04-07 12:58:21.690 16007 20619 I Bugle   : getRawTelephonyPhoneNumber redacted-pii[12-chars] [CONTEXT sub_id=1 ]
04-07 12:58:21.690 16007 20619 I Bugle   : SubscriptionUtils.getCanonicalForSelf: self=redacted-pii[12-chars], country=US [CONTEXT sub_id=1 ]
04-07 12:58:21.691 16007 20619 I Bugle   : getRawTelephonyPhoneNumber redacted-pii[12-chars] [CONTEXT sub_id=1 ]
04-07 12:58:21.694 16007 20619 I BugleDataModel: SubscriptionsTracker bindToTrackingMap bound participants: [ParticipantId=1 subId=-1, ParticipantId=2 subId=1]
04-07 12:58:21.694 16007 20619 I BugleDataModel: set orderedRowIdAndTokenPairs: [rowId=2 subId= 1 token=10cc8fdf-08b0-4330-88a2-b9e7bdbc2c46, rowId=1 subId= -1 token=120c46c1-2bbe-43ad-9b13-a6178ec6bef4]
04-07 12:58:21.699 16007 20619 I Bugle   : getRawTelephonyPhoneNumber redacted-pii[12-chars] [CONTEXT sub_id=1 ]
04-07 12:58:21.699 16007 20619 I Bugle   : SubscriptionUtils.getCanonicalForSelf: self=redacted-pii[12-chars], country=US [CONTEXT sub_id=1 ]
04-07 12:58:21.703   724   954 D ActivityManager: sync unfroze 1928 android.process.acore for 7
04-07 12:58:21.741 16007 20619 I Bugle   : getRawTelephonyPhoneNumber redacted-pii[12-chars] [CONTEXT sub_id=1 ]
04-07 12:58:21.741 16007 20619 I Bugle   : SubscriptionUtils.getCanonicalForSelf: self=redacted-pii[12-chars], country=US [CONTEXT sub_id=1 ]
04-07 12:58:21.749 16007 20619 I BugleDataModel: ParticipantFullRefresh: Number of participants refreshed: 0
04-07 12:58:21.751 16007 20619 I BugleDataModel: ActionExecutorImpl: ACTION_RESPONSE_QUEUED_SelfParticipantsRefreshAction
04-07 12:58:21.749   724   954 W ProcessStats: Tracking association SourceState{a48215c com.google.android.apps.messaging/10145 Service #15847} whose proc state 8 is better than process ProcessState{d8309c3 android.process.acore/10095 pkg=com.android.providers.contacts (sub)} proc state 15 (253 skipped)
04-07 12:58:21.753 16007 16073 I Bugle   : getRawTelephonyPhoneNumber redacted-pii[12-chars] [CONTEXT sub_id=1 ]
04-07 12:58:21.756 16007 16073 I Bugle   : SubscriptionUtils.getCanonicalForSelf: self=redacted-pii[12-chars], country=US [CONTEXT sub_id=1 ]
04-07 12:58:21.757 16007 16073 I BugleSelfIdentity: Phone number for MyIdentity 10cc8fdf-08b0-4330-88a2-b9e7bdbc2c46 does not change [CONTEXT sub_id=1 icc_id="redacted-pii[20-chars]" messaging_identity="redacted-pii[12-chars]" rcs_provisioning_id="redacted-pii[0-chars]" ]
04-07 12:58:21.758 16007 16075 I ForwardSyncCache: reclaimMemory: Clearing caches
04-07 12:58:21.758 16007 16075 W Bugle   : TextClassifierLibManagerImpl: Reclaiming memory at level: 40
04-07 12:58:21.763 16007 16073 I Bugle   : getRawTelephonyPhoneNumber redacted-pii[12-chars] [CONTEXT sub_id=1 ]
04-07 12:58:21.764 16007 16073 I Bugle   : SubscriptionUtils.getCanonicalForSelf: self=redacted-pii[12-chars], country=US [CONTEXT sub_id=1 ]
04-07 12:58:21.765 16007 16073 I BugleSelfIdentity: Phone number for MyIdentity 10cc8fdf-08b0-4330-88a2-b9e7bdbc2c46 does not change [CONTEXT sub_id=1 icc_id="redacted-pii[20-chars]" messaging_identity="redacted-pii[12-chars]" rcs_provisioning_id="redacted-pii[0-chars]" ]
04-07 12:58:22.535   724  1729 I ActivityManager: Force stopping com.example.gamevault appid=10229 user=0: from pid 20625
04-07 12:58:22.537   724  1729 I ActivityManager: Killing 20578:com.example.gamevault/u0a229 (adj 0): stop com.example.gamevault due to from pid 20625
04-07 12:58:22.538   724  1729 D CompatChangeReporter: Compat change id reported: 151861875; UID 10229; state: ENABLED
04-07 12:58:22.542   724   886 D InetDiagMessage: Destroyed 0 sockets, proto=IPPROTO_TCP, family=AF_INET, states=14
04-07 12:58:22.540   724   823 W JobScheduler.JobStatus: Exempted app com.android.vending considered buggy
04-07 12:58:22.540   724   823 W JobScheduler.JobStatus: Exempted app com.android.vending considered buggy
04-07 12:58:22.540   724   823 W JobScheduler.JobStatus: Exempted app com.android.vending considered buggy
04-07 12:58:22.540   724   823 W JobScheduler.JobStatus: Exempted app com.android.vending considered buggy
04-07 12:58:22.540   724   823 W JobScheduler.JobStatus: Exempted app com.android.vending considered buggy
04-07 12:58:22.540   724   823 W JobScheduler.JobStatus: Exempted app com.android.vending considered buggy
04-07 12:58:22.540   724   823 W JobScheduler.JobStatus: Exempted app com.android.vending considered buggy
04-07 12:58:22.540   724   823 W JobScheduler.JobStatus: Exempted app com.android.vending considered buggy
04-07 12:58:22.540   724   823 W JobScheduler.JobStatus: Exempted app com.android.vending considered buggy
04-07 12:58:22.540   724   823 W JobScheduler.JobStatus: Exempted app com.android.vending considered buggy
04-07 12:58:22.540   724   823 W JobScheduler.JobStatus: Exempted app com.android.vending considered buggy
04-07 12:58:22.540   724   823 W JobScheduler.JobStatus: Exempted app com.android.vending considered buggy
04-07 12:58:22.540   724   823 W JobScheduler.JobStatus: Exempted app com.android.vending considered buggy
04-07 12:58:22.540   724   823 W JobScheduler.JobStatus: Exempted app com.android.vending considered buggy
04-07 12:58:22.540   724   823 W JobScheduler.JobStatus: Exempted app com.android.vending considered buggy
04-07 12:58:22.540   724   823 W JobScheduler.JobStatus: Exempted app com.android.vending considered buggy
04-07 12:58:22.540   724   823 W JobScheduler.JobStatus: Exempted app com.android.vending considered buggy
04-07 12:58:22.540   724   823 W JobScheduler.JobStatus: Exempted app com.android.vending considered buggy
04-07 12:58:22.540   724   823 W JobScheduler.JobStatus: Exempted app com.android.vending considered buggy
04-07 12:58:22.540   724   823 W JobScheduler.JobStatus: Exempted app com.android.vending considered buggy
04-07 12:58:22.540   724   823 W JobScheduler.JobStatus: Exempted app com.android.vending considered buggy
04-07 12:58:22.540   724   823 W JobScheduler.JobStatus: Exempted app com.android.vending considered buggy
04-07 12:58:22.540   724   823 W JobScheduler.JobStatus: Exempted app com.android.vending considered buggy
04-07 12:58:22.540   724   823 W JobScheduler.JobStatus: Exempted app com.android.vending considered buggy
04-07 12:58:22.540   724   823 W JobScheduler.JobStatus: Exempted app com.android.vending considered buggy
04-07 12:58:22.540   724   823 W JobScheduler.JobStatus: Exempted app com.android.vending considered buggy
04-07 12:58:22.540   724   823 W JobScheduler.JobStatus: Exempted app com.android.vending considered buggy
04-07 12:58:22.540   724   823 W JobScheduler.JobStatus: Exempted app com.android.vending considered buggy
04-07 12:58:22.540   724   823 W JobScheduler.JobStatus: Exempted app com.android.vending considered buggy
04-07 12:58:22.540   724   823 W JobScheduler.JobStatus: Exempted app com.android.vending considered buggy
04-07 12:58:22.540   724   823 W JobScheduler.JobStatus: Exempted app com.android.vending considered buggy
04-07 12:58:22.543   724   886 D InetDiagMessage: Destroyed 0 sockets, proto=IPPROTO_TCP, family=AF_INET6, states=14
